Archive member included to satisfy reference by file (symbol)

.\CortexM3\ARM_GCC_541\Debug\LittlevGL(5v3)_demo_ILI9341.a(GraphicLCDIntf.o)
                              .\CortexM3\ARM_GCC_541\Debug\main.o (symbol from plugin) (GraphicLCDIntf_Start)
.\CortexM3\ARM_GCC_541\Debug\LittlevGL(5v3)_demo_ILI9341.a(RST.o)
                              .\CortexM3\ARM_GCC_541\Debug\ili9341.o (symbol from plugin) (RST_Write)
.\CortexM3\ARM_GCC_541\Debug\LittlevGL(5v3)_demo_ILI9341.a(CyLib.o)
                              .\CortexM3\ARM_GCC_541\Debug\Cm3Start.o (symbol from plugin) (CyResetStatus)
.\CortexM3\ARM_GCC_541\Debug\LittlevGL(5v3)_demo_ILI9341.a(cyPm.o)
                              CyLib.o (symbol from plugin) (CyPmReadStatus)
.\CortexM3\ARM_GCC_541\Debug\LittlevGL(5v3)_demo_ILI9341.a(CyBootAsmGnu.o)
                              .\CortexM3\ARM_GCC_541\Debug\cyfitter_cfg.o (symbol from plugin) (CyDelayCycles)
.\CortexM3\ARM_GCC_541\Debug\LittlevGL(5v3)_demo_ILI9341.a(CyFlash.o)
                              cyPm.o (symbol from plugin) (CyFlash_SetWaitCycles)
.\CortexM3\ARM_GCC_541\Debug\LittlevGL(5v3)_demo_ILI9341.a(CySpc.o)
                              CyFlash.o (symbol from plugin) (CySpcStart)
c:/program files (x86)/cypress/psoc creator/4.2/psoc creator/import/gnu/arm/5.4.1/bin/../lib/gcc/arm-none-eabi/5.4.1/../../../../arm-none-eabi/lib/armv7-m\libg_nano.a(lib_a-errno.o)
                              .\CortexM3\ARM_GCC_541\Debug\Cm3Start.o (symbol from plugin) (__errno)
c:/program files (x86)/cypress/psoc creator/4.2/psoc creator/import/gnu/arm/5.4.1/bin/../lib/gcc/arm-none-eabi/5.4.1/../../../../arm-none-eabi/lib/armv7-m\libg_nano.a(lib_a-exit.o)
                              c:/program files (x86)/cypress/psoc creator/4.2/psoc creator/import/gnu/arm/5.4.1/bin/../lib/gcc/arm-none-eabi/5.4.1/../../../../arm-none-eabi/lib/armv7-m/crt0.o (exit)
c:/program files (x86)/cypress/psoc creator/4.2/psoc creator/import/gnu/arm/5.4.1/bin/../lib/gcc/arm-none-eabi/5.4.1/../../../../arm-none-eabi/lib/armv7-m\libg_nano.a(lib_a-impure.o)
                              c:/program files (x86)/cypress/psoc creator/4.2/psoc creator/import/gnu/arm/5.4.1/bin/../lib/gcc/arm-none-eabi/5.4.1/../../../../arm-none-eabi/lib/armv7-m\libg_nano.a(lib_a-exit.o) (_global_impure_ptr)
c:/program files (x86)/cypress/psoc creator/4.2/psoc creator/import/gnu/arm/5.4.1/bin/../lib/gcc/arm-none-eabi/5.4.1/../../../../arm-none-eabi/lib/armv7-m\libg_nano.a(lib_a-init.o)
                              c:/program files (x86)/cypress/psoc creator/4.2/psoc creator/import/gnu/arm/5.4.1/bin/../lib/gcc/arm-none-eabi/5.4.1/../../../../arm-none-eabi/lib/armv7-m/crt0.o (__libc_init_array)
c:/program files (x86)/cypress/psoc creator/4.2/psoc creator/import/gnu/arm/5.4.1/bin/../lib/gcc/arm-none-eabi/5.4.1/../../../../arm-none-eabi/lib/armv7-m\libg_nano.a(lib_a-memset.o)
                              c:/program files (x86)/cypress/psoc creator/4.2/psoc creator/import/gnu/arm/5.4.1/bin/../lib/gcc/arm-none-eabi/5.4.1/../../../../arm-none-eabi/lib/armv7-m/crt0.o (memset)
c:/program files (x86)/cypress/psoc creator/4.2/psoc creator/import/gnu/arm/5.4.1/bin/../lib/gcc/arm-none-eabi/5.4.1/../../../../arm-none-eabi/lib/armv7-m\libnosys.a(_exit.o)
                              c:/program files (x86)/cypress/psoc creator/4.2/psoc creator/import/gnu/arm/5.4.1/bin/../lib/gcc/arm-none-eabi/5.4.1/../../../../arm-none-eabi/lib/armv7-m\libg_nano.a(lib_a-exit.o) (_exit)
c:/program files (x86)/cypress/psoc creator/4.2/psoc creator/import/gnu/arm/5.4.1/bin/../lib/gcc/arm-none-eabi/5.4.1/../../../../arm-none-eabi/lib/armv7-m\libg_nano.a(lib_a-memcpy-stub.o)
                              C:\Users\Sava\AppData\Local\Temp\ccMF97cf.ltrans1.ltrans.o (memcpy)
c:/program files (x86)/cypress/psoc creator/4.2/psoc creator/import/gnu/arm/5.4.1/bin/../lib/gcc/arm-none-eabi/5.4.1/../../../../arm-none-eabi/lib/armv7-m\libg_nano.a(lib_a-strcmp.o)
                              C:\Users\Sava\AppData\Local\Temp\ccMF97cf.ltrans2.ltrans.o (strcmp)
c:/program files (x86)/cypress/psoc creator/4.2/psoc creator/import/gnu/arm/5.4.1/bin/../lib/gcc/arm-none-eabi/5.4.1/../../../../arm-none-eabi/lib/armv7-m\libg_nano.a(lib_a-strcpy.o)
                              C:\Users\Sava\AppData\Local\Temp\ccMF97cf.ltrans2.ltrans.o (strcpy)
c:/program files (x86)/cypress/psoc creator/4.2/psoc creator/import/gnu/arm/5.4.1/bin/../lib/gcc/arm-none-eabi/5.4.1/../../../../arm-none-eabi/lib/armv7-m\libg_nano.a(lib_a-strlen.o)
                              C:\Users\Sava\AppData\Local\Temp\ccMF97cf.ltrans2.ltrans.o (strlen)

Allocating common symbols
Common symbol       size              file

dieTemperature      0x2               CyFlash.o (symbol from plugin)

Discarded input sections

 .text          0x00000000        0x0 c:/program files (x86)/cypress/psoc creator/4.2/psoc creator/import/gnu/arm/5.4.1/bin/../lib/gcc/arm-none-eabi/5.4.1/armv7-m/crti.o
[...]
Memory Configuration

Name             Origin             Length             Attributes
rom              0x00000000         0x00040000         xr
ram              0x1fff8000         0x00010000         xrw
*default*        0x00000000         0xffffffff

Linker script and memory map

LOAD c:/program files (x86)/cypress/psoc creator/4.2/psoc creator/import/gnu/arm/5.4.1/bin/../lib/gcc/arm-none-eabi/5.4.1/armv7-m/crti.o
LOAD c:/program files (x86)/cypress/psoc creator/4.2/psoc creator/import/gnu/arm/5.4.1/bin/../lib/gcc/arm-none-eabi/5.4.1/armv7-m/crtbegin.o
LOAD c:/program files (x86)/cypress/psoc creator/4.2/psoc creator/import/gnu/arm/5.4.1/bin/../lib/gcc/arm-none-eabi/5.4.1/../../../../arm-none-eabi/lib/armv7-m/crt0.o
START GROUP
LOAD .\CortexM3\ARM_GCC_541\Debug\main.o
LOAD C:\Users\Sava\AppData\Local\Temp\ccMF97cf.ltrans0.ltrans.o
LOAD C:\Users\Sava\AppData\Local\Temp\ccMF97cf.ltrans1.ltrans.o
LOAD C:\Users\Sava\AppData\Local\Temp\ccMF97cf.ltrans2.ltrans.o
LOAD C:\Users\Sava\AppData\Local\Temp\ccMF97cf.ltrans3.ltrans.o
LOAD C:\Users\Sava\AppData\Local\Temp\ccMF97cf.ltrans4.ltrans.o
LOAD C:\Users\Sava\AppData\Local\Temp\ccMF97cf.ltrans5.ltrans.o
LOAD C:\Users\Sava\AppData\Local\Temp\ccMF97cf.ltrans6.ltrans.o
LOAD C:\Users\Sava\AppData\Local\Temp\ccMF97cf.ltrans7.ltrans.o
LOAD C:\Users\Sava\AppData\Local\Temp\ccMF97cf.ltrans8.ltrans.o
LOAD C:\Users\Sava\AppData\Local\Temp\ccMF97cf.ltrans9.ltrans.o
LOAD C:\Users\Sava\AppData\Local\Temp\ccMF97cf.ltrans10.ltrans.o
LOAD C:\Users\Sava\AppData\Local\Temp\ccMF97cf.ltrans11.ltrans.o
LOAD C:\Users\Sava\AppData\Local\Temp\ccMF97cf.ltrans12.ltrans.o
LOAD C:\Users\Sava\AppData\Local\Temp\ccMF97cf.ltrans13.ltrans.o
LOAD C:\Users\Sava\AppData\Local\Temp\ccMF97cf.ltrans14.ltrans.o
LOAD C:\Users\Sava\AppData\Local\Temp\ccMF97cf.ltrans15.ltrans.o
LOAD C:\Users\Sava\AppData\Local\Temp\ccMF97cf.ltrans16.ltrans.o
LOAD C:\Users\Sava\AppData\Local\Temp\ccMF97cf.ltrans17.ltrans.o
LOAD C:\Users\Sava\AppData\Local\Temp\ccMF97cf.ltrans18.ltrans.o
LOAD C:\Users\Sava\AppData\Local\Temp\ccMF97cf.ltrans19.ltrans.o
LOAD C:\Users\Sava\AppData\Local\Temp\ccMF97cf.ltrans20.ltrans.o
LOAD C:\Users\Sava\AppData\Local\Temp\ccMF97cf.ltrans21.ltrans.o
LOAD C:\Users\Sava\AppData\Local\Temp\ccMF97cf.ltrans22.ltrans.o
LOAD C:\Users\Sava\AppData\Local\Temp\ccMF97cf.ltrans23.ltrans.o
LOAD C:\Users\Sava\AppData\Local\Temp\ccMF97cf.ltrans24.ltrans.o
LOAD C:\Users\Sava\AppData\Local\Temp\ccMF97cf.ltrans25.ltrans.o
LOAD C:\Users\Sava\AppData\Local\Temp\ccMF97cf.ltrans26.ltrans.o
LOAD C:\Users\Sava\AppData\Local\Temp\ccMF97cf.ltrans27.ltrans.o
LOAD C:\Users\Sava\AppData\Local\Temp\ccMF97cf.ltrans28.ltrans.o
LOAD C:\Users\Sava\AppData\Local\Temp\ccMF97cf.ltrans29.ltrans.o
LOAD C:\Users\Sava\AppData\Local\Temp\ccMF97cf.ltrans30.ltrans.o
LOAD C:\Users\Sava\AppData\Local\Temp\ccMF97cf.ltrans31.ltrans.o
LOAD .\CortexM3\ARM_GCC_541\Debug\lv_test_theme_1.o
LOAD .\CortexM3\ARM_GCC_541\Debug\lv_group.o
LOAD .\CortexM3\ARM_GCC_541\Debug\lv_indev.o
LOAD .\CortexM3\ARM_GCC_541\Debug\lv_lang.o
LOAD .\CortexM3\ARM_GCC_541\Debug\lv_obj.o
LOAD .\CortexM3\ARM_GCC_541\Debug\lv_refr.o
LOAD .\CortexM3\ARM_GCC_541\Debug\lv_style.o
LOAD .\CortexM3\ARM_GCC_541\Debug\lv_vdb.o
LOAD .\CortexM3\ARM_GCC_541\Debug\lv_draw.o
LOAD .\CortexM3\ARM_GCC_541\Debug\lv_draw_arc.o
LOAD .\CortexM3\ARM_GCC_541\Debug\lv_draw_img.o
LOAD .\CortexM3\ARM_GCC_541\Debug\lv_draw_label.o
LOAD .\CortexM3\ARM_GCC_541\Debug\lv_draw_line.o
LOAD .\CortexM3\ARM_GCC_541\Debug\lv_draw_rbasic.o
LOAD .\CortexM3\ARM_GCC_541\Debug\lv_draw_rect.o
LOAD .\CortexM3\ARM_GCC_541\Debug\lv_draw_triangle.o
LOAD .\CortexM3\ARM_GCC_541\Debug\lv_draw_vbasic.o
LOAD .\CortexM3\ARM_GCC_541\Debug\lv_font_builtin.o
LOAD .\CortexM3\ARM_GCC_541\Debug\lv_font_dejavu_10.o
LOAD .\CortexM3\ARM_GCC_541\Debug\lv_font_dejavu_10_cyrillic.o
LOAD .\CortexM3\ARM_GCC_541\Debug\lv_font_dejavu_10_latin_sup.o
LOAD .\CortexM3\ARM_GCC_541\Debug\lv_font_dejavu_20.o
LOAD .\CortexM3\ARM_GCC_541\Debug\lv_font_dejavu_20_cyrillic.o
LOAD .\CortexM3\ARM_GCC_541\Debug\lv_font_dejavu_20_latin_sup.o
LOAD .\CortexM3\ARM_GCC_541\Debug\lv_font_dejavu_30.o
LOAD .\CortexM3\ARM_GCC_541\Debug\lv_font_dejavu_30_cyrillic.o
LOAD .\CortexM3\ARM_GCC_541\Debug\lv_font_dejavu_30_latin_sup.o
LOAD .\CortexM3\ARM_GCC_541\Debug\lv_font_dejavu_40.o
LOAD .\CortexM3\ARM_GCC_541\Debug\lv_font_dejavu_40_cyrillic.o
LOAD .\CortexM3\ARM_GCC_541\Debug\lv_font_dejavu_40_latin_sup.o
LOAD .\CortexM3\ARM_GCC_541\Debug\lv_font_monospace_8.o
LOAD .\CortexM3\ARM_GCC_541\Debug\lv_font_symbol_10.o
LOAD .\CortexM3\ARM_GCC_541\Debug\lv_font_symbol_20.o
LOAD .\CortexM3\ARM_GCC_541\Debug\lv_font_symbol_30.o
LOAD .\CortexM3\ARM_GCC_541\Debug\lv_font_symbol_40.o
LOAD .\CortexM3\ARM_GCC_541\Debug\lv_hal_disp.o
LOAD .\CortexM3\ARM_GCC_541\Debug\lv_hal_indev.o
LOAD .\CortexM3\ARM_GCC_541\Debug\lv_hal_tick.o
LOAD .\CortexM3\ARM_GCC_541\Debug\lv_anim.o
LOAD .\CortexM3\ARM_GCC_541\Debug\lv_area.o
LOAD .\CortexM3\ARM_GCC_541\Debug\lv_circ.o
LOAD .\CortexM3\ARM_GCC_541\Debug\lv_color.o
LOAD .\CortexM3\ARM_GCC_541\Debug\lv_font.o
LOAD .\CortexM3\ARM_GCC_541\Debug\lv_fs.o
LOAD .\CortexM3\ARM_GCC_541\Debug\lv_gc.o
LOAD .\CortexM3\ARM_GCC_541\Debug\lv_ll.o
LOAD .\CortexM3\ARM_GCC_541\Debug\lv_log.o
LOAD .\CortexM3\ARM_GCC_541\Debug\lv_math.o
LOAD .\CortexM3\ARM_GCC_541\Debug\lv_mem.o
LOAD .\CortexM3\ARM_GCC_541\Debug\lv_task.o
LOAD .\CortexM3\ARM_GCC_541\Debug\lv_templ.o
LOAD .\CortexM3\ARM_GCC_541\Debug\lv_txt.o
LOAD .\CortexM3\ARM_GCC_541\Debug\lv_ufs.o
LOAD .\CortexM3\ARM_GCC_541\Debug\lv_label.o
LOAD .\CortexM3\ARM_GCC_541\Debug\lv_led.o
LOAD .\CortexM3\ARM_GCC_541\Debug\lv_line.o
LOAD .\CortexM3\ARM_GCC_541\Debug\lv_list.o
LOAD .\CortexM3\ARM_GCC_541\Debug\lv_lmeter.o
LOAD .\CortexM3\ARM_GCC_541\Debug\lv_mbox.o
LOAD .\CortexM3\ARM_GCC_541\Debug\lv_objx_templ.o
LOAD .\CortexM3\ARM_GCC_541\Debug\lv_page.o
LOAD .\CortexM3\ARM_GCC_541\Debug\lv_preload.o
LOAD .\CortexM3\ARM_GCC_541\Debug\lv_roller.o
LOAD .\CortexM3\ARM_GCC_541\Debug\lv_slider.o
LOAD .\CortexM3\ARM_GCC_541\Debug\lv_spinbox.o
LOAD .\CortexM3\ARM_GCC_541\Debug\lv_sw.o
LOAD .\CortexM3\ARM_GCC_541\Debug\lv_ta.o
LOAD .\CortexM3\ARM_GCC_541\Debug\lv_table.o
LOAD .\CortexM3\ARM_GCC_541\Debug\lv_tabview.o
LOAD .\CortexM3\ARM_GCC_541\Debug\lv_tileview.o
LOAD .\CortexM3\ARM_GCC_541\Debug\lv_win.o
LOAD .\CortexM3\ARM_GCC_541\Debug\lv_arc.o
LOAD .\CortexM3\ARM_GCC_541\Debug\lv_bar.o
LOAD .\CortexM3\ARM_GCC_541\Debug\lv_btn.o
LOAD .\CortexM3\ARM_GCC_541\Debug\lv_btnm.o
LOAD .\CortexM3\ARM_GCC_541\Debug\lv_calendar.o
LOAD .\CortexM3\ARM_GCC_541\Debug\lv_canvas.o
LOAD .\CortexM3\ARM_GCC_541\Debug\lv_cb.o
LOAD .\CortexM3\ARM_GCC_541\Debug\lv_chart.o
LOAD .\CortexM3\ARM_GCC_541\Debug\lv_cont.o
LOAD .\CortexM3\ARM_GCC_541\Debug\lv_ddlist.o
LOAD .\CortexM3\ARM_GCC_541\Debug\lv_gauge.o
LOAD .\CortexM3\ARM_GCC_541\Debug\lv_img.o
LOAD .\CortexM3\ARM_GCC_541\Debug\lv_imgbtn.o
LOAD .\CortexM3\ARM_GCC_541\Debug\lv_kb.o
LOAD .\CortexM3\ARM_GCC_541\Debug\lv_theme.o
LOAD .\CortexM3\ARM_GCC_541\Debug\lv_theme_alien.o
LOAD .\CortexM3\ARM_GCC_541\Debug\lv_theme_default.o
LOAD .\CortexM3\ARM_GCC_541\Debug\lv_theme_material.o
LOAD .\CortexM3\ARM_GCC_541\Debug\lv_theme_mono.o
LOAD .\CortexM3\ARM_GCC_541\Debug\lv_theme_nemo.o
LOAD .\CortexM3\ARM_GCC_541\Debug\lv_theme_night.o
LOAD .\CortexM3\ARM_GCC_541\Debug\lv_theme_templ.o
LOAD .\CortexM3\ARM_GCC_541\Debug\lv_theme_zen.o
LOAD .\CortexM3\ARM_GCC_541\Debug\ili9341.o
LOAD .\CortexM3\ARM_GCC_541\Debug\cyfitter_cfg.o
LOAD .\CortexM3\ARM_GCC_541\Debug\cymetadata.o
LOAD .\CortexM3\ARM_GCC_541\Debug\Cm3Start.o
LOAD .\CortexM3\ARM_GCC_541\Debug\LittlevGL(5v3)_demo_ILI9341.a
LOAD C:\Program Files (x86)\Cypress\PSoC Creator\4.2\PSoC Creator\psoc\content\cycomponentlibrary\CyComponentLibrary.cylib\CortexM3\ARM_GCC_541\Debug\CyComponentLibrary.a
LOAD c:/program files (x86)/cypress/psoc creator/4.2/psoc creator/import/gnu/arm/5.4.1/bin/../lib/gcc/arm-none-eabi/5.4.1/../../../../arm-none-eabi/lib/armv7-m\libm.a
END GROUP
START GROUP
LOAD c:/program files (x86)/cypress/psoc creator/4.2/psoc creator/import/gnu/arm/5.4.1/bin/../lib/gcc/arm-none-eabi/5.4.1/armv7-m\libgcc.a
LOAD c:/program files (x86)/cypress/psoc creator/4.2/psoc creator/import/gnu/arm/5.4.1/bin/../lib/gcc/arm-none-eabi/5.4.1/../../../../arm-none-eabi/lib/armv7-m\libg_nano.a
LOAD c:/program files (x86)/cypress/psoc creator/4.2/psoc creator/import/gnu/arm/5.4.1/bin/../lib/gcc/arm-none-eabi/5.4.1/../../../../arm-none-eabi/lib/armv7-m\libc_nano.a
END GROUP
START GROUP
LOAD c:/program files (x86)/cypress/psoc creator/4.2/psoc creator/import/gnu/arm/5.4.1/bin/../lib/gcc/arm-none-eabi/5.4.1/armv7-m\libgcc.a
LOAD c:/program files (x86)/cypress/psoc creator/4.2/psoc creator/import/gnu/arm/5.4.1/bin/../lib/gcc/arm-none-eabi/5.4.1/../../../../arm-none-eabi/lib/armv7-m\libc_nano.a
END GROUP
LOAD c:/program files (x86)/cypress/psoc creator/4.2/psoc creator/import/gnu/arm/5.4.1/bin/../lib/gcc/arm-none-eabi/5.4.1/armv7-m/crtend.o
LOAD c:/program files (x86)/cypress/psoc creator/4.2/psoc creator/import/gnu/arm/5.4.1/bin/../lib/gcc/arm-none-eabi/5.4.1/armv7-m/crtn.o
START GROUP
LOAD c:/program files (x86)/cypress/psoc creator/4.2/psoc creator/import/gnu/arm/5.4.1/bin/../lib/gcc/arm-none-eabi/5.4.1/armv7-m\libgcc.a
LOAD c:/program files (x86)/cypress/psoc creator/4.2/psoc creator/import/gnu/arm/5.4.1/bin/../lib/gcc/arm-none-eabi/5.4.1/../../../../arm-none-eabi/lib/armv7-m\libc.a
LOAD c:/program files (x86)/cypress/psoc creator/4.2/psoc creator/import/gnu/arm/5.4.1/bin/../lib/gcc/arm-none-eabi/5.4.1/../../../../arm-none-eabi/lib/armv7-m\libnosys.a
END GROUP
                0x00000000                CY_APPL_ORIGIN = 0x0
                0x00000100                CY_FLASH_ROW_SIZE = 0x100
                0x00000020                CY_ECC_ROW_SIZE = 0x20
                0x00000000                CY_EE_IN_BTLDR = 0x0
                0x00000000                CY_APPL_LOADABLE = 0x0
                0x00000800                CY_EE_SIZE = 0x800
                0x00000001                CY_APPL_NUM = 0x1
                0x00000001                CY_APPL_MAX = 0x1
                0x00000040                CY_METADATA_SIZE = 0x40
                0x00000000                CY_APPL_LOADABLE = 0x0
                0x00000000                CY_CHECKSUM_EXCLUDE_SIZE = ALIGN (0x0, CY_FLASH_ROW_SIZE)
                [!provide]                PROVIDE (__cy_heap_start, _end)
                0x00000001                PROVIDE (__cy_region_num, ((__cy_regions_end - __cy_regions) / 0x10))
                0x20008000                PROVIDE (__cy_stack, (ORIGIN (ram) + LENGTH (ram)))
                [!provide]                PROVIDE (__cy_heap_end, (__cy_stack - 0x800))

.cybootloader   0x00000000        0x0
 *(.cybootloader)
                0x00000000                appl1_start = CY_APPL_ORIGIN?CY_APPL_ORIGIN:ALIGN (CY_FLASH_ROW_SIZE)
                0x0001ff00                appl2_start = (appl1_start + ALIGN ((((LENGTH (rom) - appl1_start) - (0x2 * CY_FLASH_ROW_SIZE)) / 0x2), CY_FLASH_ROW_SIZE))
                0x00000000                appl_start = (CY_APPL_NUM == 0x1)?appl1_start:appl2_start
                0x00000000                ecc_offset = ((appl_start / CY_FLASH_ROW_SIZE) * CY_ECC_ROW_SIZE)
                0x00000000                ee_offset = (CY_APPL_LOADABLE && ! (CY_EE_IN_BTLDR))?((CY_EE_SIZE / CY_APPL_MAX) * (CY_APPL_NUM - 0x1)):0x0
                0x00000800                ee_size = (CY_APPL_LOADABLE && ! (CY_EE_IN_BTLDR))?(CY_EE_SIZE / CY_APPL_MAX):CY_EE_SIZE
                [!provide]                PROVIDE (CY_ECC_OFFSET, ecc_offset)

.text           0x00000000    0x2942a
 CREATE_OBJECT_SYMBOLS
                0x00000000                PROVIDE (__cy_interrupt_vector, RomVectors)
 *(.romvectors)
 .romvectors    0x00000000       0x10 C:\Users\Sava\AppData\Local\Temp\ccMF97cf.ltrans0.ltrans.o
                0x00000000                RomVectors
                0x00000001                ASSERT ((. != __cy_interrupt_vector), No interrupt vector)
                0x00000001                ASSERT (CY_APPL_ORIGIN?(SIZEOF (.cybootloader) <= CY_APPL_ORIGIN):0x1, Wrong image location)
                0x00000010                PROVIDE (__cy_reset, Reset)
 *(.text.Reset)
 .text.Reset    0x00000010       0x18 C:\Users\Sava\AppData\Local\Temp\ccMF97cf.ltrans1.ltrans.o
                0x00000010                Reset
                0x00000001                ASSERT ((. != __cy_reset), No reset code)
 *(.dma_init)
                0x00000001                ASSERT ((((appl_start + .) <= 0x10000) || 0x1), DMA Init must be within the first 64k of flash)
 *(.text .text.* .gnu.linkonce.t.*)
 .text          0x00000028       0x5c c:/program files (x86)/cypress/psoc creator/4.2/psoc creator/import/gnu/arm/5.4.1/bin/../lib/gcc/arm-none-eabi/5.4.1/armv7-m/crtbegin.o
 .text.ILI9341_send_cmd.lto_priv.83
                0x00000084       0x18 C:\Users\Sava\AppData\Local\Temp\ccMF97cf.ltrans1.ltrans.o
                0x00000084                ILI9341_send_cmd.lto_priv.83
 .text.ILI9341_send_data.lto_priv.84
                0x0000009c       0x1c C:\Users\Sava\AppData\Local\Temp\ccMF97cf.ltrans1.ltrans.o
                0x0000009c                ILI9341_send_data.lto_priv.84
 .text.CYMEMZERO
                0x000000b8       0x1c C:\Users\Sava\AppData\Local\Temp\ccMF97cf.ltrans1.ltrans.o
 .text.CYCONFIGCPY
                0x000000d4       0x1c C:\Users\Sava\AppData\Local\Temp\ccMF97cf.ltrans1.ltrans.o
 .text.CyClockStartupError
                0x000000f0        0xc C:\Users\Sava\AppData\Local\Temp\ccMF97cf.ltrans1.ltrans.o
 .text.cfg_write_bytes32
                0x000000fc       0x74 C:\Users\Sava\AppData\Local\Temp\ccMF97cf.ltrans1.ltrans.o
 .text.ClockSetup
                0x00000170      0x144 C:\Users\Sava\AppData\Local\Temp\ccMF97cf.ltrans1.ltrans.o
 .text.AnalogSetDefault
                0x000002b4       0x40 C:\Users\Sava\AppData\Local\Temp\ccMF97cf.ltrans1.ltrans.o
 .text.cyfitter_cfg
                0x000002f4      0x134 C:\Users\Sava\AppData\Local\Temp\ccMF97cf.ltrans1.ltrans.o
 .text.IntDefaultHandler
                0x00000428       0x14 C:\Users\Sava\AppData\Local\Temp\ccMF97cf.ltrans1.ltrans.o
                0x00000428                IntDefaultHandler
 .text.Start_c  0x0000043c       0x98 C:\Users\Sava\AppData\Local\Temp\ccMF97cf.ltrans1.ltrans.o
 .text.initialize_psoc
                0x000004d4       0x8c C:\Users\Sava\AppData\Local\Temp\ccMF97cf.ltrans1.ltrans.o
 .text.GraphicLCDIntf_Enable
                0x00000560        0xc C:\Users\Sava\AppData\Local\Temp\ccMF97cf.ltrans1.ltrans.o
 .text.GraphicLCDIntf_Init
                0x0000056c       0x20 C:\Users\Sava\AppData\Local\Temp\ccMF97cf.ltrans1.ltrans.o
 .text.GraphicLCDIntf_Start
                0x0000058c       0x20 C:\Users\Sava\AppData\Local\Temp\ccMF97cf.ltrans1.ltrans.o
                0x0000058c                GraphicLCDIntf_Start
 .text.GraphicLCDIntf_WriteM16
                0x000005ac       0x5c C:\Users\Sava\AppData\Local\Temp\ccMF97cf.ltrans1.ltrans.o
 .text.GraphicLCDIntf_Write16_A0
                0x00000608       0x38 C:\Users\Sava\AppData\Local\Temp\ccMF97cf.ltrans1.ltrans.o
 .text.GraphicLCDIntf_WriteM16_A1
                0x00000640       0x20 C:\Users\Sava\AppData\Local\Temp\ccMF97cf.ltrans1.ltrans.o
                0x00000640                GraphicLCDIntf_WriteM16_A1
 .text.RST_Write
                0x00000660       0x38 C:\Users\Sava\AppData\Local\Temp\ccMF97cf.ltrans1.ltrans.o
                0x00000660                RST_Write
 .text.CyDelay  0x00000698       0x44 C:\Users\Sava\AppData\Local\Temp\ccMF97cf.ltrans1.ltrans.o
                0x00000698                CyDelay
 .text.lv_img_create
                0x000006dc      0x178 C:\Users\Sava\AppData\Local\Temp\ccMF97cf.ltrans2.ltrans.o
                0x000006dc                lv_img_create
 .text.lv_img_set_src
                0x00000854      0x25c C:\Users\Sava\AppData\Local\Temp\ccMF97cf.ltrans2.ltrans.o
                0x00000854                lv_img_set_src
 .text.lv_img_get_src
                0x00000ab0       0x1c C:\Users\Sava\AppData\Local\Temp\ccMF97cf.ltrans2.ltrans.o
                0x00000ab0                lv_img_get_src
 .text.lv_img_get_auto_size
                0x00000acc       0x2c C:\Users\Sava\AppData\Local\Temp\ccMF97cf.ltrans2.ltrans.o
 .text.lv_img_design
                0x00000af8      0x250 C:\Users\Sava\AppData\Local\Temp\ccMF97cf.ltrans2.ltrans.o
 .text.lv_img_signal
                0x00000d48      0x128 C:\Users\Sava\AppData\Local\Temp\ccMF97cf.ltrans2.ltrans.o
 .text.lv_kb_create
                0x00000e70      0x1d8 C:\Users\Sava\AppData\Local\Temp\ccMF97cf.ltrans2.ltrans.o
                0x00000e70                lv_kb_create
 .text.lv_kb_set_ta
                0x00001048       0x94 C:\Users\Sava\AppData\Local\Temp\ccMF97cf.ltrans2.ltrans.o
                0x00001048                lv_kb_set_ta
 .text.lv_kb_set_style
                0x000010dc       0x80 C:\Users\Sava\AppData\Local\Temp\ccMF97cf.ltrans2.ltrans.o
 .text.lv_kb_signal
                0x0000115c       0x74 C:\Users\Sava\AppData\Local\Temp\ccMF97cf.ltrans2.ltrans.o
 .text.lv_kb_def_action
                0x000011d0      0x26c C:\Users\Sava\AppData\Local\Temp\ccMF97cf.ltrans2.ltrans.o
 .text.lv_theme_set_current
                0x0000143c       0x1c C:\Users\Sava\AppData\Local\Temp\ccMF97cf.ltrans2.ltrans.o
                0x0000143c                lv_theme_set_current
 .text.lv_theme_get_current
                0x00001458       0x14 C:\Users\Sava\AppData\Local\Temp\ccMF97cf.ltrans2.ltrans.o
                0x00001458                lv_theme_get_current
 .text.lv_color_mix
                0x0000146c       0xe8 C:\Users\Sava\AppData\Local\Temp\ccMF97cf.ltrans2.ltrans.o
 .text.basic_init
                0x00001554       0x84 C:\Users\Sava\AppData\Local\Temp\ccMF97cf.ltrans2.ltrans.o
 .text.btn_init
                0x000015d8       0x40 C:\Users\Sava\AppData\Local\Temp\ccMF97cf.ltrans2.ltrans.o
 .text.label_init
                0x00001618       0x68 C:\Users\Sava\AppData\Local\Temp\ccMF97cf.ltrans2.ltrans.o
 .text.img_init
                0x00001680       0x20 C:\Users\Sava\AppData\Local\Temp\ccMF97cf.ltrans2.ltrans.o
 .text.line_init
                0x000016a0       0x18 C:\Users\Sava\AppData\Local\Temp\ccMF97cf.ltrans2.ltrans.o
 .text.led_init
                0x000016b8       0x44 C:\Users\Sava\AppData\Local\Temp\ccMF97cf.ltrans2.ltrans.o
 .text.bar_init
                0x000016fc       0x24 C:\Users\Sava\AppData\Local\Temp\ccMF97cf.ltrans2.ltrans.o
 .text.slider_init
                0x00001720       0x3c C:\Users\Sava\AppData\Local\Temp\ccMF97cf.ltrans2.ltrans.o
 .text.sw_init  0x0000175c       0x44 C:\Users\Sava\AppData\Local\Temp\ccMF97cf.ltrans2.ltrans.o
 .text.lmeter_init
                0x000017a0       0x7c C:\Users\Sava\AppData\Local\Temp\ccMF97cf.ltrans2.ltrans.o
 .text.gauge_init
                0x0000181c       0x4c C:\Users\Sava\AppData\Local\Temp\ccMF97cf.ltrans2.ltrans.o
 .text.chart_init
                0x00001868       0x1c C:\Users\Sava\AppData\Local\Temp\ccMF97cf.ltrans2.ltrans.o
 .text.cb_init  0x00001884       0x58 C:\Users\Sava\AppData\Local\Temp\ccMF97cf.ltrans2.ltrans.o
 .text.btnm_init
                0x000018dc       0x58 C:\Users\Sava\AppData\Local\Temp\ccMF97cf.ltrans2.ltrans.o
 .text.kb_init  0x00001934       0x58 C:\Users\Sava\AppData\Local\Temp\ccMF97cf.ltrans2.ltrans.o
 .text.mbox_init
                0x0000198c       0x40 C:\Users\Sava\AppData\Local\Temp\ccMF97cf.ltrans2.ltrans.o
 .text.page_init
                0x000019cc       0x34 C:\Users\Sava\AppData\Local\Temp\ccMF97cf.ltrans2.ltrans.o
 .text.ta_init  0x00001a00       0x38 C:\Users\Sava\AppData\Local\Temp\ccMF97cf.ltrans2.ltrans.o
 .text.list_init
                0x00001a38       0x70 C:\Users\Sava\AppData\Local\Temp\ccMF97cf.ltrans2.ltrans.o
 .text.ddlist_init
                0x00001aa8       0x34 C:\Users\Sava\AppData\Local\Temp\ccMF97cf.ltrans2.ltrans.o
 .text.roller_init
                0x00001adc       0x28 C:\Users\Sava\AppData\Local\Temp\ccMF97cf.ltrans2.ltrans.o
 .text.tabview_init
                0x00001b04       0x64 C:\Users\Sava\AppData\Local\Temp\ccMF97cf.ltrans2.ltrans.o
 .text.win_init
                0x00001b68       0x60 C:\Users\Sava\AppData\Local\Temp\ccMF97cf.ltrans2.ltrans.o
 .text.lv_theme_default_init
                0x00001bc8       0xc0 C:\Users\Sava\AppData\Local\Temp\ccMF97cf.ltrans2.ltrans.o
                0x00001bc8                lv_theme_default_init
 .text.ILI9341_init
                0x00001c88      0x1b4 C:\Users\Sava\AppData\Local\Temp\ccMF97cf.ltrans2.ltrans.o
                0x00001c88                ILI9341_init
 .text.ILI9341_flush
                0x00001e3c       0xf4 C:\Users\Sava\AppData\Local\Temp\ccMF97cf.ltrans2.ltrans.o
                0x00001e3c                ILI9341_flush
 .text.lcd_start_reset
                0x00001f30       0x2c C:\Users\Sava\AppData\Local\Temp\ccMF97cf.ltrans2.ltrans.o
 .text.lv_ddlist_create
                0x00001f5c      0x2c8 C:\Users\Sava\AppData\Local\Temp\ccMF97cf.ltrans3.ltrans.o
                0x00001f5c                lv_ddlist_create
 .text.lv_ddlist_set_options
                0x00002224       0x78 C:\Users\Sava\AppData\Local\Temp\ccMF97cf.ltrans3.ltrans.o
                0x00002224                lv_ddlist_set_options
 .text.lv_ddlist_set_selected
                0x0000229c       0x64 C:\Users\Sava\AppData\Local\Temp\ccMF97cf.ltrans3.ltrans.o
                0x0000229c                lv_ddlist_set_selected
 .text.lv_ddlist_set_fix_height
                0x00002300       0x38 C:\Users\Sava\AppData\Local\Temp\ccMF97cf.ltrans3.ltrans.o
                0x00002300                lv_ddlist_set_fix_height
 .text.lv_ddlist_set_anim_time
                0x00002338       0x24 C:\Users\Sava\AppData\Local\Temp\ccMF97cf.ltrans3.ltrans.o
                0x00002338                lv_ddlist_set_anim_time
 .text.lv_ddlist_set_style
                0x0000235c       0x58 C:\Users\Sava\AppData\Local\Temp\ccMF97cf.ltrans3.ltrans.o
                0x0000235c                lv_ddlist_set_style
 .text.lv_ddlist_get_selected
                0x000023b4       0x20 C:\Users\Sava\AppData\Local\Temp\ccMF97cf.ltrans3.ltrans.o
                0x000023b4                lv_ddlist_get_selected
 .text.lv_ddlist_get_style
                0x000023d4       0x4c C:\Users\Sava\AppData\Local\Temp\ccMF97cf.ltrans3.ltrans.o
                0x000023d4                lv_ddlist_get_style
 .text.lv_ddlist_open
                0x00002420       0x44 C:\Users\Sava\AppData\Local\Temp\ccMF97cf.ltrans3.ltrans.o
                0x00002420                lv_ddlist_open
 .text.lv_ddlist_get_txt_flag
                0x00002464       0x48 C:\Users\Sava\AppData\Local\Temp\ccMF97cf.ltrans3.ltrans.o
 .text.lv_ddlist_design
                0x000024ac      0x3ec C:\Users\Sava\AppData\Local\Temp\ccMF97cf.ltrans3.ltrans.o
 .text.lv_ddlist_signal
                0x00002898      0x34c C:\Users\Sava\AppData\Local\Temp\ccMF97cf.ltrans3.ltrans.o
 .text.lv_ddlist_scrl_signal
                0x00002be4       0x84 C:\Users\Sava\AppData\Local\Temp\ccMF97cf.ltrans3.ltrans.o
 .text.lv_ddlist_release_action
                0x00002c68      0x12c C:\Users\Sava\AppData\Local\Temp\ccMF97cf.ltrans3.ltrans.o
 .text.lv_ddlist_refr_size
                0x00002d94      0x13c C:\Users\Sava\AppData\Local\Temp\ccMF97cf.ltrans3.ltrans.o
 .text.lv_ddlist_pos_current_option
                0x00002ed0       0xa4 C:\Users\Sava\AppData\Local\Temp\ccMF97cf.ltrans3.ltrans.o
 .text.lv_gauge_set_critical_value
                0x00002f74       0x20 C:\Users\Sava\AppData\Local\Temp\ccMF97cf.ltrans3.ltrans.o
 .text.lv_gauge_set_style
                0x00002f94       0x18 C:\Users\Sava\AppData\Local\Temp\ccMF97cf.ltrans3.ltrans.o
 .text.lv_gauge_get_min_value
                0x00002fac       0x18 C:\Users\Sava\AppData\Local\Temp\ccMF97cf.ltrans3.ltrans.o
 .text.lv_gauge_get_max_value
                0x00002fc4       0x18 C:\Users\Sava\AppData\Local\Temp\ccMF97cf.ltrans3.ltrans.o
 .text.lv_gauge_get_style
                0x00002fdc       0x18 C:\Users\Sava\AppData\Local\Temp\ccMF97cf.ltrans3.ltrans.o
 .text.lv_gauge_create
                0x00002ff4      0x198 C:\Users\Sava\AppData\Local\Temp\ccMF97cf.ltrans3.ltrans.o
                0x00002ff4                lv_gauge_create
 .text.lv_gauge_set_needle_count
                0x0000318c       0xbc C:\Users\Sava\AppData\Local\Temp\ccMF97cf.ltrans3.ltrans.o
 .text.lv_gauge_set_value
                0x00003248       0x88 C:\Users\Sava\AppData\Local\Temp\ccMF97cf.ltrans3.ltrans.o
                0x00003248                lv_gauge_set_value
 .text.lv_gauge_set_scale
                0x000032d0       0x40 C:\Users\Sava\AppData\Local\Temp\ccMF97cf.ltrans3.ltrans.o
 .text.lv_gauge_design
                0x00003310       0xd0 C:\Users\Sava\AppData\Local\Temp\ccMF97cf.ltrans3.ltrans.o
 .text.lv_gauge_signal
                0x000033e0       0x8c C:\Users\Sava\AppData\Local\Temp\ccMF97cf.ltrans3.ltrans.o
 .text.lv_gauge_draw_scale
                0x0000346c      0x25c C:\Users\Sava\AppData\Local\Temp\ccMF97cf.ltrans3.ltrans.o
 .text.lv_gauge_draw_needle
                0x000036c8      0x3e4 C:\Users\Sava\AppData\Local\Temp\ccMF97cf.ltrans3.ltrans.o
 .text.lv_img_get_style.lto_priv.86
                0x00003aac       0x18 C:\Users\Sava\AppData\Local\Temp\ccMF97cf.ltrans3.ltrans.o
                0x00003aac                lv_img_get_style.lto_priv.86
 .text.lv_chart_set_next
                0x00003ac4       0x4c C:\Users\Sava\AppData\Local\Temp\ccMF97cf.ltrans4.ltrans.o
                0x00003ac4                lv_chart_set_next
 .text.lv_chart_refresh
                0x00003b10       0x14 C:\Users\Sava\AppData\Local\Temp\ccMF97cf.ltrans4.ltrans.o
                0x00003b10                lv_chart_refresh
 .text.lv_chart_design.lto_priv.91
                0x00003b24       0xd0 C:\Users\Sava\AppData\Local\Temp\ccMF97cf.ltrans4.ltrans.o
                0x00003b24                lv_chart_design.lto_priv.91
 .text.lv_chart_signal.lto_priv.90
                0x00003bf4       0xac C:\Users\Sava\AppData\Local\Temp\ccMF97cf.ltrans4.ltrans.o
                0x00003bf4                lv_chart_signal.lto_priv.90
 .text.lv_chart_draw_div
                0x00003ca0      0x240 C:\Users\Sava\AppData\Local\Temp\ccMF97cf.ltrans4.ltrans.o
 .text.lv_chart_draw_lines
                0x00003ee0      0x21c C:\Users\Sava\AppData\Local\Temp\ccMF97cf.ltrans4.ltrans.o
 .text.lv_chart_draw_points
                0x000040fc      0x220 C:\Users\Sava\AppData\Local\Temp\ccMF97cf.ltrans4.ltrans.o
 .text.lv_chart_draw_cols
                0x0000431c      0x230 C:\Users\Sava\AppData\Local\Temp\ccMF97cf.ltrans4.ltrans.o
 .text.lv_chart_draw_vertical_lines
                0x0000454c      0x2dc C:\Users\Sava\AppData\Local\Temp\ccMF97cf.ltrans4.ltrans.o
 .text.lv_area_copy
                0x00004828       0x1c C:\Users\Sava\AppData\Local\Temp\ccMF97cf.ltrans4.ltrans.o
 .text.lv_area_get_width
                0x00004844       0x2c C:\Users\Sava\AppData\Local\Temp\ccMF97cf.ltrans4.ltrans.o
 .text.lv_area_get_height
                0x00004870       0x2c C:\Users\Sava\AppData\Local\Temp\ccMF97cf.ltrans4.ltrans.o
 .text.lv_cont_set_style
                0x0000489c       0x18 C:\Users\Sava\AppData\Local\Temp\ccMF97cf.ltrans4.ltrans.o
 .text.lv_cont_create
                0x000048b4      0x14c C:\Users\Sava\AppData\Local\Temp\ccMF97cf.ltrans4.ltrans.o
                0x000048b4                lv_cont_create
 .text.lv_cont_set_layout
                0x00004a00       0x4c C:\Users\Sava\AppData\Local\Temp\ccMF97cf.ltrans4.ltrans.o
                0x00004a00                lv_cont_set_layout
 .text.lv_cont_set_fit
                0x00004a4c       0x88 C:\Users\Sava\AppData\Local\Temp\ccMF97cf.ltrans4.ltrans.o
                0x00004a4c                lv_cont_set_fit
 .text.lv_cont_get_layout
                0x00004ad4       0x24 C:\Users\Sava\AppData\Local\Temp\ccMF97cf.ltrans4.ltrans.o
                0x00004ad4                lv_cont_get_layout
 .text.lv_cont_get_hor_fit
                0x00004af8       0x2c C:\Users\Sava\AppData\Local\Temp\ccMF97cf.ltrans4.ltrans.o
                0x00004af8                lv_cont_get_hor_fit
 .text.lv_cont_signal
                0x00004b24       0xd8 C:\Users\Sava\AppData\Local\Temp\ccMF97cf.ltrans4.ltrans.o
 .text.lv_cont_refr_layout
                0x00004bfc       0x88 C:\Users\Sava\AppData\Local\Temp\ccMF97cf.ltrans4.ltrans.o
 .text.lv_cont_layout_col
                0x00004c84       0xe8 C:\Users\Sava\AppData\Local\Temp\ccMF97cf.ltrans4.ltrans.o
 .text.lv_cont_layout_row
                0x00004d6c       0xf0 C:\Users\Sava\AppData\Local\Temp\ccMF97cf.ltrans4.ltrans.o
 .text.lv_cont_layout_center
                0x00004e5c      0x140 C:\Users\Sava\AppData\Local\Temp\ccMF97cf.ltrans4.ltrans.o
 .text.lv_cont_layout_pretty
                0x00004f9c      0x32c C:\Users\Sava\AppData\Local\Temp\ccMF97cf.ltrans4.ltrans.o
 .text.lv_cont_layout_grid
                0x000052c8      0x184 C:\Users\Sava\AppData\Local\Temp\ccMF97cf.ltrans4.ltrans.o
 .text.lv_cont_refr_autofit
                0x0000544c      0x200 C:\Users\Sava\AppData\Local\Temp\ccMF97cf.ltrans4.ltrans.o
 .text.lv_font_get_height.lto_priv.87
                0x0000564c       0x18 C:\Users\Sava\AppData\Local\Temp\ccMF97cf.ltrans4.ltrans.o
                0x0000564c                lv_font_get_height.lto_priv.87
 .text.lv_page_set_scrl_fit.lto_priv.88
                0x00005664       0x28 C:\Users\Sava\AppData\Local\Temp\ccMF97cf.ltrans4.ltrans.o
                0x00005664                lv_page_set_scrl_fit.lto_priv.88
 .text.is_highlighted.lto_priv.98
                0x0000568c       0x90 C:\Users\Sava\AppData\Local\Temp\ccMF97cf.ltrans5.ltrans.o
                0x0000568c                is_highlighted.lto_priv.98
 .text.get_day_name.lto_priv.101
                0x0000571c       0x40 C:\Users\Sava\AppData\Local\Temp\ccMF97cf.ltrans5.ltrans.o
                0x0000571c                get_day_name.lto_priv.101
 .text.get_month_name.lto_priv.102
                0x0000575c       0x50 C:\Users\Sava\AppData\Local\Temp\ccMF97cf.ltrans5.ltrans.o
                0x0000575c                get_month_name.lto_priv.102
 .text.get_month_length.lto_priv.99
                0x000057ac       0x8c C:\Users\Sava\AppData\Local\Temp\ccMF97cf.ltrans5.ltrans.o
                0x000057ac                get_month_length.lto_priv.99
 .text.is_leap_year
                0x00005838       0x58 C:\Users\Sava\AppData\Local\Temp\ccMF97cf.ltrans5.ltrans.o
 .text.get_day_of_week.lto_priv.100
                0x00005890       0x9c C:\Users\Sava\AppData\Local\Temp\ccMF97cf.ltrans5.ltrans.o
                0x00005890                get_day_of_week.lto_priv.100
 .text.lv_font_get_height
                0x0000592c       0x18 C:\Users\Sava\AppData\Local\Temp\ccMF97cf.ltrans5.ltrans.o
 .text.lv_btn_set_layout
                0x00005944       0x1c C:\Users\Sava\AppData\Local\Temp\ccMF97cf.ltrans5.ltrans.o
 .text.lv_btn_set_fit
                0x00005960       0x24 C:\Users\Sava\AppData\Local\Temp\ccMF97cf.ltrans5.ltrans.o
 .text.lv_label_get_style
                0x00005984       0x18 C:\Users\Sava\AppData\Local\Temp\ccMF97cf.ltrans5.ltrans.o
 .text.lv_cb_create
                0x0000599c      0x228 C:\Users\Sava\AppData\Local\Temp\ccMF97cf.ltrans5.ltrans.o
                0x0000599c                lv_cb_create
 .text.lv_cb_set_text
                0x00005bc4       0x24 C:\Users\Sava\AppData\Local\Temp\ccMF97cf.ltrans5.ltrans.o
 .text.lv_cb_set_style
                0x00005be8       0xc4 C:\Users\Sava\AppData\Local\Temp\ccMF97cf.ltrans5.ltrans.o
 .text.lv_cb_design
                0x00005cac       0x88 C:\Users\Sava\AppData\Local\Temp\ccMF97cf.ltrans5.ltrans.o
 .text.lv_bullet_design
                0x00005d34       0xb4 C:\Users\Sava\AppData\Local\Temp\ccMF97cf.ltrans5.ltrans.o
 .text.lv_cb_signal
                0x00005de8      0x148 C:\Users\Sava\AppData\Local\Temp\ccMF97cf.ltrans5.ltrans.o
 .text.lv_color_mix.lto_priv.89
                0x00005f30       0xe8 C:\Users\Sava\AppData\Local\Temp\ccMF97cf.ltrans5.ltrans.o
                0x00005f30                lv_color_mix.lto_priv.89
 .text.lv_chart_set_style
                0x00006018       0x18 C:\Users\Sava\AppData\Local\Temp\ccMF97cf.ltrans5.ltrans.o
 .text.lv_chart_create
                0x00006030      0x1b0 C:\Users\Sava\AppData\Local\Temp\ccMF97cf.ltrans5.ltrans.o
                0x00006030                lv_chart_create
 .text.lv_chart_add_series
                0x000061e0       0xe0 C:\Users\Sava\AppData\Local\Temp\ccMF97cf.ltrans5.ltrans.o
                0x000061e0                lv_chart_add_series
 .text.allocate_btn_areas.lto_priv.117
                0x000062c0       0xb4 C:\Users\Sava\AppData\Local\Temp\ccMF97cf.ltrans6.ltrans.o
                0x000062c0                allocate_btn_areas.lto_priv.117
 .text.get_button_width.lto_priv.116
                0x00006374       0x2c C:\Users\Sava\AppData\Local\Temp\ccMF97cf.ltrans6.ltrans.o
                0x00006374                get_button_width.lto_priv.116
 .text.button_is_hidden.lto_priv.115
                0x000063a0       0x30 C:\Users\Sava\AppData\Local\Temp\ccMF97cf.ltrans6.ltrans.o
                0x000063a0                button_is_hidden.lto_priv.115
 .text.button_is_repeat_disabled.lto_priv.114
                0x000063d0       0x30 C:\Users\Sava\AppData\Local\Temp\ccMF97cf.ltrans6.ltrans.o
                0x000063d0                button_is_repeat_disabled.lto_priv.114
 .text.button_is_inactive.lto_priv.113
                0x00006400       0x30 C:\Users\Sava\AppData\Local\Temp\ccMF97cf.ltrans6.ltrans.o
                0x00006400                button_is_inactive.lto_priv.113
 .text.cut_ctrl_byte
                0x00006430       0x28 C:\Users\Sava\AppData\Local\Temp\ccMF97cf.ltrans6.ltrans.o
                0x00006430                cut_ctrl_byte
 .text.get_button_from_point.lto_priv.112
                0x00006458       0xc8 C:\Users\Sava\AppData\Local\Temp\ccMF97cf.ltrans6.ltrans.o
                0x00006458                get_button_from_point.lto_priv.112
 .text.get_button_text.lto_priv.111
                0x00006520       0x80 C:\Users\Sava\AppData\Local\Temp\ccMF97cf.ltrans6.ltrans.o
                0x00006520                get_button_text.lto_priv.111
 .text.lv_area_copy.lto_priv.97
                0x000065a0       0x1c C:\Users\Sava\AppData\Local\Temp\ccMF97cf.ltrans6.ltrans.o
 .text.lv_area_get_width
                0x000065bc       0x2c C:\Users\Sava\AppData\Local\Temp\ccMF97cf.ltrans6.ltrans.o
 .text.lv_font_get_height
                0x000065e8       0x18 C:\Users\Sava\AppData\Local\Temp\ccMF97cf.ltrans6.ltrans.o
 .text.lv_calendar_create
                0x00006600      0x344 C:\Users\Sava\AppData\Local\Temp\ccMF97cf.ltrans6.ltrans.o
                0x00006600                lv_calendar_create
 .text.lv_calendar_set_today_date
                0x00006944       0x3c C:\Users\Sava\AppData\Local\Temp\ccMF97cf.ltrans6.ltrans.o
                0x00006944                lv_calendar_set_today_date
 .text.lv_calendar_set_showed_date
                0x00006980       0x3c C:\Users\Sava\AppData\Local\Temp\ccMF97cf.ltrans6.ltrans.o
                0x00006980                lv_calendar_set_showed_date
 .text.lv_calendar_set_highlighted_dates
                0x000069bc       0x30 C:\Users\Sava\AppData\Local\Temp\ccMF97cf.ltrans6.ltrans.o
                0x000069bc                lv_calendar_set_highlighted_dates
 .text.lv_calendar_set_style
                0x000069ec       0x90 C:\Users\Sava\AppData\Local\Temp\ccMF97cf.ltrans6.ltrans.o
 .text.lv_calendar_get_style
                0x00006a7c       0x94 C:\Users\Sava\AppData\Local\Temp\ccMF97cf.ltrans6.ltrans.o
 .text.lv_calendar_design
                0x00006b10       0x64 C:\Users\Sava\AppData\Local\Temp\ccMF97cf.ltrans6.ltrans.o
 .text.lv_calendar_signal
                0x00006b74      0x3e0 C:\Users\Sava\AppData\Local\Temp\ccMF97cf.ltrans6.ltrans.o
 .text.calculate_touched_day
                0x00006f54      0x300 C:\Users\Sava\AppData\Local\Temp\ccMF97cf.ltrans6.ltrans.o
 .text.get_header_height
                0x00007254       0x3c C:\Users\Sava\AppData\Local\Temp\ccMF97cf.ltrans6.ltrans.o
 .text.get_day_names_height
                0x00007290       0x3c C:\Users\Sava\AppData\Local\Temp\ccMF97cf.ltrans6.ltrans.o
 .text.draw_header
                0x000072cc      0x1a8 C:\Users\Sava\AppData\Local\Temp\ccMF97cf.ltrans6.ltrans.o
 .text.draw_day_names
                0x00007474      0x120 C:\Users\Sava\AppData\Local\Temp\ccMF97cf.ltrans6.ltrans.o
 .text.draw_days
                0x00007594      0x584 C:\Users\Sava\AppData\Local\Temp\ccMF97cf.ltrans6.ltrans.o
 .text.lv_btn_design.lto_priv.119
                0x00007b18      0x350 C:\Users\Sava\AppData\Local\Temp\ccMF97cf.ltrans7.ltrans.o
                0x00007b18                lv_btn_design.lto_priv.119
 .text.lv_btn_signal.lto_priv.118
                0x00007e68      0x610 C:\Users\Sava\AppData\Local\Temp\ccMF97cf.ltrans7.ltrans.o
                0x00007e68                lv_btn_signal.lto_priv.118
 .text.lv_btn_ink_effect_anim
                0x00008478       0x28 C:\Users\Sava\AppData\Local\Temp\ccMF97cf.ltrans7.ltrans.o
 .text.lv_btn_ink_effect_anim_ready
                0x000084a0       0xe8 C:\Users\Sava\AppData\Local\Temp\ccMF97cf.ltrans7.ltrans.o
 .text.lv_area_copy.lto_priv.96
                0x00008588       0x1c C:\Users\Sava\AppData\Local\Temp\ccMF97cf.ltrans7.ltrans.o
                0x00008588                lv_area_copy.lto_priv.96
 .text.lv_area_get_width
                0x000085a4       0x2c C:\Users\Sava\AppData\Local\Temp\ccMF97cf.ltrans7.ltrans.o
 .text.lv_area_get_height
                0x000085d0       0x2c C:\Users\Sava\AppData\Local\Temp\ccMF97cf.ltrans7.ltrans.o
 .text.lv_btnm_create
                0x000085fc      0x228 C:\Users\Sava\AppData\Local\Temp\ccMF97cf.ltrans7.ltrans.o
                0x000085fc                lv_btnm_create
 .text.lv_btnm_set_map
                0x00008824      0x31c C:\Users\Sava\AppData\Local\Temp\ccMF97cf.ltrans7.ltrans.o
                0x00008824                lv_btnm_set_map
 .text.lv_btnm_set_action
                0x00008b40       0x20 C:\Users\Sava\AppData\Local\Temp\ccMF97cf.ltrans7.ltrans.o
                0x00008b40                lv_btnm_set_action
 .text.lv_btnm_set_toggle
                0x00008b60       0x78 C:\Users\Sava\AppData\Local\Temp\ccMF97cf.ltrans7.ltrans.o
                0x00008b60                lv_btnm_set_toggle
 .text.lv_btnm_set_style
                0x00008bd8       0x90 C:\Users\Sava\AppData\Local\Temp\ccMF97cf.ltrans7.ltrans.o
                0x00008bd8                lv_btnm_set_style
 .text.lv_btnm_get_map
                0x00008c68       0x1c C:\Users\Sava\AppData\Local\Temp\ccMF97cf.ltrans7.ltrans.o
                0x00008c68                lv_btnm_get_map
 .text.lv_btnm_get_style
                0x00008c84       0x7c C:\Users\Sava\AppData\Local\Temp\ccMF97cf.ltrans7.ltrans.o
                0x00008c84                lv_btnm_get_style
 .text.lv_btnm_design
                0x00008d00      0x440 C:\Users\Sava\AppData\Local\Temp\ccMF97cf.ltrans7.ltrans.o
 .text.lv_btnm_signal
                0x00009140      0x7e4 C:\Users\Sava\AppData\Local\Temp\ccMF97cf.ltrans7.ltrans.o
 .text.lv_win_set_style
                0x00009924      0x104 C:\Users\Sava\AppData\Local\Temp\ccMF97cf.ltrans8.ltrans.o
                0x00009924                lv_win_set_style
 .text.lv_win_get_from_btn
                0x00009a28       0x24 C:\Users\Sava\AppData\Local\Temp\ccMF97cf.ltrans8.ltrans.o
                0x00009a28                lv_win_get_from_btn
 .text.lv_win_get_style
                0x00009a4c       0xa8 C:\Users\Sava\AppData\Local\Temp\ccMF97cf.ltrans8.ltrans.o
 .text.lv_win_signal.lto_priv.126
                0x00009af4      0x168 C:\Users\Sava\AppData\Local\Temp\ccMF97cf.ltrans8.ltrans.o
                0x00009af4                lv_win_signal.lto_priv.126
 .text.lv_win_realign.lto_priv.129
                0x00009c5c      0x17c C:\Users\Sava\AppData\Local\Temp\ccMF97cf.ltrans8.ltrans.o
                0x00009c5c                lv_win_realign.lto_priv.129
 .text.lv_arc_create
                0x00009dd8      0x138 C:\Users\Sava\AppData\Local\Temp\ccMF97cf.ltrans8.ltrans.o
                0x00009dd8                lv_arc_create
 .text.lv_arc_set_angles
                0x00009f10       0x50 C:\Users\Sava\AppData\Local\Temp\ccMF97cf.ltrans8.ltrans.o
                0x00009f10                lv_arc_set_angles
 .text.lv_arc_set_style
                0x00009f60       0x24 C:\Users\Sava\AppData\Local\Temp\ccMF97cf.ltrans8.ltrans.o
                0x00009f60                lv_arc_set_style
 .text.lv_arc_get_style
                0x00009f84       0x30 C:\Users\Sava\AppData\Local\Temp\ccMF97cf.ltrans8.ltrans.o
                0x00009f84                lv_arc_get_style
 .text.lv_arc_design
                0x00009fb4      0x2cc C:\Users\Sava\AppData\Local\Temp\ccMF97cf.ltrans8.ltrans.o
 .text.lv_arc_signal
                0x0000a280       0x74 C:\Users\Sava\AppData\Local\Temp\ccMF97cf.ltrans8.ltrans.o
 .text.lv_area_copy
                0x0000a2f4       0x1c C:\Users\Sava\AppData\Local\Temp\ccMF97cf.ltrans8.ltrans.o
 .text.lv_area_get_width.lto_priv.123
                0x0000a310       0x2c C:\Users\Sava\AppData\Local\Temp\ccMF97cf.ltrans8.ltrans.o
 .text.lv_area_get_height.lto_priv.121
                0x0000a33c       0x2c C:\Users\Sava\AppData\Local\Temp\ccMF97cf.ltrans8.ltrans.o
 .text.lv_bar_create
                0x0000a368      0x1b0 C:\Users\Sava\AppData\Local\Temp\ccMF97cf.ltrans8.ltrans.o
                0x0000a368                lv_bar_create
 .text.lv_bar_set_value
                0x0000a518       0x5c C:\Users\Sava\AppData\Local\Temp\ccMF97cf.ltrans8.ltrans.o
                0x0000a518                lv_bar_set_value
 .text.lv_bar_set_range
                0x0000a574       0x90 C:\Users\Sava\AppData\Local\Temp\ccMF97cf.ltrans8.ltrans.o
                0x0000a574                lv_bar_set_range
 .text.lv_bar_set_style
                0x0000a604       0x40 C:\Users\Sava\AppData\Local\Temp\ccMF97cf.ltrans8.ltrans.o
                0x0000a604                lv_bar_set_style
 .text.lv_bar_get_value
                0x0000a644       0x20 C:\Users\Sava\AppData\Local\Temp\ccMF97cf.ltrans8.ltrans.o
                0x0000a644                lv_bar_get_value
 .text.lv_bar_get_min_value
                0x0000a664       0x20 C:\Users\Sava\AppData\Local\Temp\ccMF97cf.ltrans8.ltrans.o
                0x0000a664                lv_bar_get_min_value
 .text.lv_bar_get_max_value
                0x0000a684       0x20 C:\Users\Sava\AppData\Local\Temp\ccMF97cf.ltrans8.ltrans.o
                0x0000a684                lv_bar_get_max_value
 .text.lv_bar_get_style
                0x0000a6a4       0x44 C:\Users\Sava\AppData\Local\Temp\ccMF97cf.ltrans8.ltrans.o
                0x0000a6a4                lv_bar_get_style
 .text.lv_bar_design
                0x0000a6e8      0x368 C:\Users\Sava\AppData\Local\Temp\ccMF97cf.ltrans8.ltrans.o
 .text.lv_bar_signal
                0x0000aa50       0x9c C:\Users\Sava\AppData\Local\Temp\ccMF97cf.ltrans8.ltrans.o
 .text.lv_btn_set_layout
                0x0000aaec       0x1c C:\Users\Sava\AppData\Local\Temp\ccMF97cf.ltrans8.ltrans.o
 .text.lv_btn_create
                0x0000ab08      0x240 C:\Users\Sava\AppData\Local\Temp\ccMF97cf.ltrans8.ltrans.o
                0x0000ab08                lv_btn_create
 .text.lv_btn_set_toggle
                0x0000ad48       0x30 C:\Users\Sava\AppData\Local\Temp\ccMF97cf.ltrans8.ltrans.o
                0x0000ad48                lv_btn_set_toggle
 .text.lv_btn_set_state
                0x0000ad78       0x44 C:\Users\Sava\AppData\Local\Temp\ccMF97cf.ltrans8.ltrans.o
                0x0000ad78                lv_btn_set_state
 .text.lv_btn_toggle
                0x0000adbc       0x5c C:\Users\Sava\AppData\Local\Temp\ccMF97cf.ltrans8.ltrans.o
                0x0000adbc                lv_btn_toggle
 .text.lv_btn_set_action
                0x0000ae18       0x30 C:\Users\Sava\AppData\Local\Temp\ccMF97cf.ltrans8.ltrans.o
                0x0000ae18                lv_btn_set_action
 .text.lv_btn_set_style
                0x0000ae48       0x7c C:\Users\Sava\AppData\Local\Temp\ccMF97cf.ltrans8.ltrans.o
                0x0000ae48                lv_btn_set_style
 .text.lv_btn_get_state
                0x0000aec4       0x20 C:\Users\Sava\AppData\Local\Temp\ccMF97cf.ltrans8.ltrans.o
                0x0000aec4                lv_btn_get_state
 .text.lv_btn_get_toggle
                0x0000aee4       0x30 C:\Users\Sava\AppData\Local\Temp\ccMF97cf.ltrans8.ltrans.o
                0x0000aee4                lv_btn_get_toggle
 .text.lv_btn_get_action
                0x0000af14       0x30 C:\Users\Sava\AppData\Local\Temp\ccMF97cf.ltrans8.ltrans.o
                0x0000af14                lv_btn_get_action
 .text.lv_tabview_signal.lto_priv.135
                0x0000af44      0x1e0 C:\Users\Sava\AppData\Local\Temp\ccMF97cf.ltrans9.ltrans.o
                0x0000af44                lv_tabview_signal.lto_priv.135
 .text.tabpage_signal.lto_priv.133
                0x0000b124       0x90 C:\Users\Sava\AppData\Local\Temp\ccMF97cf.ltrans9.ltrans.o
                0x0000b124                tabpage_signal.lto_priv.133
 .text.tabpage_scrl_signal.lto_priv.134
                0x0000b1b4       0x98 C:\Users\Sava\AppData\Local\Temp\ccMF97cf.ltrans9.ltrans.o
                0x0000b1b4                tabpage_scrl_signal.lto_priv.134
 .text.tabpage_pressed_handler
                0x0000b24c       0x2c C:\Users\Sava\AppData\Local\Temp\ccMF97cf.ltrans9.ltrans.o
 .text.tabpage_pressing_handler
                0x0000b278      0x198 C:\Users\Sava\AppData\Local\Temp\ccMF97cf.ltrans9.ltrans.o
 .text.tabpage_press_lost_handler
                0x0000b410      0x124 C:\Users\Sava\AppData\Local\Temp\ccMF97cf.ltrans9.ltrans.o
 .text.tab_btnm_action.lto_priv.137
                0x0000b534       0x68 C:\Users\Sava\AppData\Local\Temp\ccMF97cf.ltrans9.ltrans.o
                0x0000b534                tab_btnm_action.lto_priv.137
 .text.tabview_realign.lto_priv.139
                0x0000b59c      0x238 C:\Users\Sava\AppData\Local\Temp\ccMF97cf.ltrans9.ltrans.o
                0x0000b59c                tabview_realign.lto_priv.139
 .text.lv_area_get_width.lto_priv.122
                0x0000b7d4       0x2c C:\Users\Sava\AppData\Local\Temp\ccMF97cf.ltrans9.ltrans.o
                0x0000b7d4                lv_area_get_width.lto_priv.122
 .text.lv_area_get_height.lto_priv.120
                0x0000b800       0x2c C:\Users\Sava\AppData\Local\Temp\ccMF97cf.ltrans9.ltrans.o
                0x0000b800                lv_area_get_height.lto_priv.120
 .text.lv_win_create
                0x0000b82c      0x2f8 C:\Users\Sava\AppData\Local\Temp\ccMF97cf.ltrans9.ltrans.o
                0x0000b82c                lv_win_create
 .text.lv_win_add_btn
                0x0000bb24       0x88 C:\Users\Sava\AppData\Local\Temp\ccMF97cf.ltrans9.ltrans.o
                0x0000bb24                lv_win_add_btn
 .text.lv_win_close_action
                0x0000bbac       0x20 C:\Users\Sava\AppData\Local\Temp\ccMF97cf.ltrans9.ltrans.o
                0x0000bbac                lv_win_close_action
 .text.lv_table_set_cell_merge_right
                0x0000bbcc       0xe0 C:\Users\Sava\AppData\Local\Temp\ccMF97cf.ltrans10.ltrans.o
                0x0000bbcc                lv_table_set_cell_merge_right
 .text.lv_table_set_style
                0x0000bcac       0x84 C:\Users\Sava\AppData\Local\Temp\ccMF97cf.ltrans10.ltrans.o
                0x0000bcac                lv_table_set_style
 .text.lv_table_design.lto_priv.143
                0x0000bd30      0x530 C:\Users\Sava\AppData\Local\Temp\ccMF97cf.ltrans10.ltrans.o
                0x0000bd30                lv_table_design.lto_priv.143
 .text.lv_table_signal.lto_priv.142
                0x0000c260       0xcc C:\Users\Sava\AppData\Local\Temp\ccMF97cf.ltrans10.ltrans.o
                0x0000c260                lv_table_signal.lto_priv.142
 .text.refr_size.lto_priv.146
                0x0000c32c       0xc4 C:\Users\Sava\AppData\Local\Temp\ccMF97cf.ltrans10.ltrans.o
                0x0000c32c                refr_size.lto_priv.146
 .text.get_row_height
                0x0000c3f0      0x1f8 C:\Users\Sava\AppData\Local\Temp\ccMF97cf.ltrans10.ltrans.o
 .text.lv_area_get_width.lto_priv.132
                0x0000c5e8       0x2c C:\Users\Sava\AppData\Local\Temp\ccMF97cf.ltrans10.ltrans.o
                0x0000c5e8                lv_area_get_width.lto_priv.132
 .text.lv_area_get_height.lto_priv.131
                0x0000c614       0x2c C:\Users\Sava\AppData\Local\Temp\ccMF97cf.ltrans10.ltrans.o
                0x0000c614                lv_area_get_height.lto_priv.131
 .text.lv_font_get_height.lto_priv.130
                0x0000c640       0x18 C:\Users\Sava\AppData\Local\Temp\ccMF97cf.ltrans10.ltrans.o
                0x0000c640                lv_font_get_height.lto_priv.130
 .text.lv_cont_set_style
                0x0000c658       0x18 C:\Users\Sava\AppData\Local\Temp\ccMF97cf.ltrans10.ltrans.o
 .text.lv_tabview_create
                0x0000c670      0x430 C:\Users\Sava\AppData\Local\Temp\ccMF97cf.ltrans10.ltrans.o
                0x0000c670                lv_tabview_create
 .text.lv_tabview_add_tab
                0x0000caa0      0x270 C:\Users\Sava\AppData\Local\Temp\ccMF97cf.ltrans10.ltrans.o
                0x0000caa0                lv_tabview_add_tab
 .text.lv_tabview_set_tab_act
                0x0000cd10      0x1fc C:\Users\Sava\AppData\Local\Temp\ccMF97cf.ltrans10.ltrans.o
                0x0000cd10                lv_tabview_set_tab_act
 .text.lv_tabview_set_style
                0x0000cf0c       0xd0 C:\Users\Sava\AppData\Local\Temp\ccMF97cf.ltrans10.ltrans.o
 .text.lv_tabview_get_tab
                0x0000cfdc       0x60 C:\Users\Sava\AppData\Local\Temp\ccMF97cf.ltrans10.ltrans.o
 .text.lv_tabview_get_sliding
                0x0000d03c       0x2c C:\Users\Sava\AppData\Local\Temp\ccMF97cf.ltrans10.ltrans.o
                0x0000d03c                lv_tabview_get_sliding
 .text.lv_tabview_get_style
                0x0000d068       0xa8 C:\Users\Sava\AppData\Local\Temp\ccMF97cf.ltrans10.ltrans.o
                0x0000d068                lv_tabview_get_style
 .text.lv_ta_set_cursor_type
                0x0000d110       0x4c C:\Users\Sava\AppData\Local\Temp\ccMF97cf.ltrans11.ltrans.o
                0x0000d110                lv_ta_set_cursor_type
 .text.lv_ta_set_one_line
                0x0000d15c      0x11c C:\Users\Sava\AppData\Local\Temp\ccMF97cf.ltrans11.ltrans.o
                0x0000d15c                lv_ta_set_one_line
 .text.lv_ta_set_style
                0x0000d278       0x78 C:\Users\Sava\AppData\Local\Temp\ccMF97cf.ltrans11.ltrans.o
                0x0000d278                lv_ta_set_style
 .text.lv_ta_get_text
                0x0000d2f0       0x40 C:\Users\Sava\AppData\Local\Temp\ccMF97cf.ltrans11.ltrans.o
                0x0000d2f0                lv_ta_get_text
 .text.lv_ta_get_cursor_pos
                0x0000d330       0x20 C:\Users\Sava\AppData\Local\Temp\ccMF97cf.ltrans11.ltrans.o
                0x0000d330                lv_ta_get_cursor_pos
 .text.lv_ta_get_cursor_type
                0x0000d350       0x24 C:\Users\Sava\AppData\Local\Temp\ccMF97cf.ltrans11.ltrans.o
                0x0000d350                lv_ta_get_cursor_type
 .text.lv_ta_get_accepted_chars
                0x0000d374       0x1c C:\Users\Sava\AppData\Local\Temp\ccMF97cf.ltrans11.ltrans.o
                0x0000d374                lv_ta_get_accepted_chars
 .text.lv_ta_get_max_length
                0x0000d390       0x20 C:\Users\Sava\AppData\Local\Temp\ccMF97cf.ltrans11.ltrans.o
                0x0000d390                lv_ta_get_max_length
 .text.lv_ta_get_style
                0x0000d3b0       0x70 C:\Users\Sava\AppData\Local\Temp\ccMF97cf.ltrans11.ltrans.o
                0x0000d3b0                lv_ta_get_style
 .text.lv_ta_cursor_right
                0x0000d420       0x2c C:\Users\Sava\AppData\Local\Temp\ccMF97cf.ltrans11.ltrans.o
                0x0000d420                lv_ta_cursor_right
 .text.lv_ta_cursor_left
                0x0000d44c       0x30 C:\Users\Sava\AppData\Local\Temp\ccMF97cf.ltrans11.ltrans.o
                0x0000d44c                lv_ta_cursor_left
 .text.lv_ta_cursor_down
                0x0000d47c       0xb8 C:\Users\Sava\AppData\Local\Temp\ccMF97cf.ltrans11.ltrans.o
 .text.lv_ta_cursor_up
                0x0000d534       0xa4 C:\Users\Sava\AppData\Local\Temp\ccMF97cf.ltrans11.ltrans.o
 .text.lv_ta_design.lto_priv.158
                0x0000d5d8       0x58 C:\Users\Sava\AppData\Local\Temp\ccMF97cf.ltrans11.ltrans.o
                0x0000d5d8                lv_ta_design.lto_priv.158
 .text.lv_ta_scrollable_design.lto_priv.159
                0x0000d630      0x274 C:\Users\Sava\AppData\Local\Temp\ccMF97cf.ltrans11.ltrans.o
                0x0000d630                lv_ta_scrollable_design.lto_priv.159
 .text.lv_ta_signal.lto_priv.156
                0x0000d8a4      0x35c C:\Users\Sava\AppData\Local\Temp\ccMF97cf.ltrans11.ltrans.o
                0x0000d8a4                lv_ta_signal.lto_priv.156
 .text.lv_ta_scrollable_signal.lto_priv.157
                0x0000dc00       0x90 C:\Users\Sava\AppData\Local\Temp\ccMF97cf.ltrans11.ltrans.o
                0x0000dc00                lv_ta_scrollable_signal.lto_priv.157
 .text.cursor_blink_anim.lto_priv.153
                0x0000dc90       0xe8 C:\Users\Sava\AppData\Local\Temp\ccMF97cf.ltrans11.ltrans.o
                0x0000dc90                cursor_blink_anim.lto_priv.153
 .text.pwd_char_hider_anim.lto_priv.154
                0x0000dd78       0x14 C:\Users\Sava\AppData\Local\Temp\ccMF97cf.ltrans11.ltrans.o
                0x0000dd78                pwd_char_hider_anim.lto_priv.154
 .text.pwd_char_hider.lto_priv.155
                0x0000dd8c       0x88 C:\Users\Sava\AppData\Local\Temp\ccMF97cf.ltrans11.ltrans.o
                0x0000dd8c                pwd_char_hider.lto_priv.155
 .text.char_is_accepted.lto_priv.161
                0x0000de14       0xa4 C:\Users\Sava\AppData\Local\Temp\ccMF97cf.ltrans11.ltrans.o
                0x0000de14                char_is_accepted.lto_priv.161
 .text.get_cursor_style
                0x0000deb8       0x9c C:\Users\Sava\AppData\Local\Temp\ccMF97cf.ltrans11.ltrans.o
 .text.refr_cursor_area.lto_priv.160
                0x0000df54      0x4cc C:\Users\Sava\AppData\Local\Temp\ccMF97cf.ltrans11.ltrans.o
                0x0000df54                refr_cursor_area.lto_priv.160
 .text.lv_area_get_width.lto_priv.141
                0x0000e420       0x2c C:\Users\Sava\AppData\Local\Temp\ccMF97cf.ltrans11.ltrans.o
                0x0000e420                lv_area_get_width.lto_priv.141
 .text.lv_font_get_height.lto_priv.140
                0x0000e44c       0x18 C:\Users\Sava\AppData\Local\Temp\ccMF97cf.ltrans11.ltrans.o
                0x0000e44c                lv_font_get_height.lto_priv.140
 .text.lv_table_create
                0x0000e464      0x1d4 C:\Users\Sava\AppData\Local\Temp\ccMF97cf.ltrans11.ltrans.o
                0x0000e464                lv_table_create
 .text.lv_table_set_cell_value
                0x0000e638       0xf4 C:\Users\Sava\AppData\Local\Temp\ccMF97cf.ltrans11.ltrans.o
                0x0000e638                lv_table_set_cell_value
 .text.lv_table_set_row_cnt
                0x0000e72c       0xb4 C:\Users\Sava\AppData\Local\Temp\ccMF97cf.ltrans11.ltrans.o
                0x0000e72c                lv_table_set_row_cnt
 .text.lv_table_set_col_cnt
                0x0000e7e0       0xd0 C:\Users\Sava\AppData\Local\Temp\ccMF97cf.ltrans11.ltrans.o
                0x0000e7e0                lv_table_set_col_cnt
 .text.lv_table_set_col_width
                0x0000e8b0       0x4c C:\Users\Sava\AppData\Local\Temp\ccMF97cf.ltrans11.ltrans.o
                0x0000e8b0                lv_table_set_col_width
 .text.lv_table_set_cell_align
                0x0000e8fc       0xd8 C:\Users\Sava\AppData\Local\Temp\ccMF97cf.ltrans11.ltrans.o
                0x0000e8fc                lv_table_set_cell_align
 .text.lv_slider_set_value
                0x0000e9d4       0x20 C:\Users\Sava\AppData\Local\Temp\ccMF97cf.ltrans12.ltrans.o
 .text.lv_slider_set_range
                0x0000e9f4       0x28 C:\Users\Sava\AppData\Local\Temp\ccMF97cf.ltrans12.ltrans.o
 .text.lv_sw_get_state
                0x0000ea1c       0x28 C:\Users\Sava\AppData\Local\Temp\ccMF97cf.ltrans12.ltrans.o
 .text.lv_sw_create
                0x0000ea44      0x1a0 C:\Users\Sava\AppData\Local\Temp\ccMF97cf.ltrans12.ltrans.o
                0x0000ea44                lv_sw_create
 .text.lv_sw_on
                0x0000ebe4       0x30 C:\Users\Sava\AppData\Local\Temp\ccMF97cf.ltrans12.ltrans.o
                0x0000ebe4                lv_sw_on
 .text.lv_sw_on_anim
                0x0000ec14       0x48 C:\Users\Sava\AppData\Local\Temp\ccMF97cf.ltrans12.ltrans.o
 .text.lv_sw_off_anim
                0x0000ec5c       0x44 C:\Users\Sava\AppData\Local\Temp\ccMF97cf.ltrans12.ltrans.o
 .text.lv_sw_set_style
                0x0000eca0       0x98 C:\Users\Sava\AppData\Local\Temp\ccMF97cf.ltrans12.ltrans.o
 .text.lv_sw_set_anim_time
                0x0000ed38       0x20 C:\Users\Sava\AppData\Local\Temp\ccMF97cf.ltrans12.ltrans.o
                0x0000ed38                lv_sw_set_anim_time
 .text.lv_sw_get_anim_time
                0x0000ed58       0x1c C:\Users\Sava\AppData\Local\Temp\ccMF97cf.ltrans12.ltrans.o
 .text.lv_sw_signal
                0x0000ed74      0x34c C:\Users\Sava\AppData\Local\Temp\ccMF97cf.ltrans12.ltrans.o
 .text.lv_sw_anim_to_value
                0x0000f0c0       0x78 C:\Users\Sava\AppData\Local\Temp\ccMF97cf.ltrans12.ltrans.o
 .text.lv_area_copy.lto_priv.147
                0x0000f138       0x1c C:\Users\Sava\AppData\Local\Temp\ccMF97cf.ltrans12.ltrans.o
                0x0000f138                lv_area_copy.lto_priv.147
 .text.lv_area_get_width.lto_priv.150
                0x0000f154       0x2c C:\Users\Sava\AppData\Local\Temp\ccMF97cf.ltrans12.ltrans.o
                0x0000f154                lv_area_get_width.lto_priv.150
 .text.lv_area_get_height.lto_priv.149
                0x0000f180       0x2c C:\Users\Sava\AppData\Local\Temp\ccMF97cf.ltrans12.ltrans.o
                0x0000f180                lv_area_get_height.lto_priv.149
 .text.lv_font_get_height.lto_priv.148
                0x0000f1ac       0x18 C:\Users\Sava\AppData\Local\Temp\ccMF97cf.ltrans12.ltrans.o
                0x0000f1ac                lv_font_get_height.lto_priv.148
 .text.lv_page_set_scrl_fit.lto_priv.152
                0x0000f1c4       0x28 C:\Users\Sava\AppData\Local\Temp\ccMF97cf.ltrans12.ltrans.o
                0x0000f1c4                lv_page_set_scrl_fit.lto_priv.152
 .text.lv_ta_set_sb_mode
                0x0000f1ec       0x1c C:\Users\Sava\AppData\Local\Temp\ccMF97cf.ltrans12.ltrans.o
 .text.lv_ta_set_edge_flash
                0x0000f208       0x1c C:\Users\Sava\AppData\Local\Temp\ccMF97cf.ltrans12.ltrans.o
 .text.lv_ta_get_edge_flash
                0x0000f224       0x18 C:\Users\Sava\AppData\Local\Temp\ccMF97cf.ltrans12.ltrans.o
 .text.lv_ta_create
                0x0000f23c      0x35c C:\Users\Sava\AppData\Local\Temp\ccMF97cf.ltrans12.ltrans.o
                0x0000f23c                lv_ta_create
 .text.lv_ta_add_char
                0x0000f598      0x1b0 C:\Users\Sava\AppData\Local\Temp\ccMF97cf.ltrans12.ltrans.o
                0x0000f598                lv_ta_add_char
 .text.lv_ta_add_text
                0x0000f748      0x1b0 C:\Users\Sava\AppData\Local\Temp\ccMF97cf.ltrans12.ltrans.o
                0x0000f748                lv_ta_add_text
 .text.lv_ta_del_char
                0x0000f8f8      0x130 C:\Users\Sava\AppData\Local\Temp\ccMF97cf.ltrans12.ltrans.o
                0x0000f8f8                lv_ta_del_char
 .text.lv_ta_set_cursor_pos
                0x0000fa28      0x250 C:\Users\Sava\AppData\Local\Temp\ccMF97cf.ltrans12.ltrans.o
                0x0000fa28                lv_ta_set_cursor_pos
 .text.lv_roller_signal.lto_priv.171
                0x0000fc78      0x350 C:\Users\Sava\AppData\Local\Temp\ccMF97cf.ltrans13.ltrans.o
                0x0000fc78                lv_roller_signal.lto_priv.171
 .text.lv_roller_scrl_signal.lto_priv.172
                0x0000ffc8      0x1d0 C:\Users\Sava\AppData\Local\Temp\ccMF97cf.ltrans13.ltrans.o
                0x0000ffc8                lv_roller_scrl_signal.lto_priv.172
 .text.draw_bg.lto_priv.173
                0x00010198      0x24c C:\Users\Sava\AppData\Local\Temp\ccMF97cf.ltrans13.ltrans.o
                0x00010198                draw_bg.lto_priv.173
 .text.refr_position.lto_priv.174
                0x000103e4      0x120 C:\Users\Sava\AppData\Local\Temp\ccMF97cf.ltrans13.ltrans.o
                0x000103e4                refr_position.lto_priv.174
 .text.lv_area_copy.lto_priv.168
                0x00010504       0x1c C:\Users\Sava\AppData\Local\Temp\ccMF97cf.ltrans13.ltrans.o
 .text.lv_area_get_width.lto_priv.166
                0x00010520       0x2c C:\Users\Sava\AppData\Local\Temp\ccMF97cf.ltrans13.ltrans.o
 .text.lv_area_get_height.lto_priv.164
                0x0001054c       0x2c C:\Users\Sava\AppData\Local\Temp\ccMF97cf.ltrans13.ltrans.o
 .text.lv_slider_set_value
                0x00010578       0x20 C:\Users\Sava\AppData\Local\Temp\ccMF97cf.ltrans13.ltrans.o
 .text.lv_slider_get_min_value
                0x00010598       0x18 C:\Users\Sava\AppData\Local\Temp\ccMF97cf.ltrans13.ltrans.o
 .text.lv_slider_get_max_value
                0x000105b0       0x18 C:\Users\Sava\AppData\Local\Temp\ccMF97cf.ltrans13.ltrans.o
 .text.lv_slider_create
                0x000105c8      0x188 C:\Users\Sava\AppData\Local\Temp\ccMF97cf.ltrans13.ltrans.o
                0x000105c8                lv_slider_create
 .text.lv_slider_set_knob_in
                0x00010750       0x4c C:\Users\Sava\AppData\Local\Temp\ccMF97cf.ltrans13.ltrans.o
                0x00010750                lv_slider_set_knob_in
 .text.lv_slider_set_style
                0x0001079c       0x50 C:\Users\Sava\AppData\Local\Temp\ccMF97cf.ltrans13.ltrans.o
                0x0001079c                lv_slider_set_style
 .text.lv_slider_get_value
                0x000107ec       0x34 C:\Users\Sava\AppData\Local\Temp\ccMF97cf.ltrans13.ltrans.o
                0x000107ec                lv_slider_get_value
 .text.lv_slider_get_style
                0x00010820       0x54 C:\Users\Sava\AppData\Local\Temp\ccMF97cf.ltrans13.ltrans.o
                0x00010820                lv_slider_get_style
 .text.lv_slider_design
                0x00010874      0x5cc C:\Users\Sava\AppData\Local\Temp\ccMF97cf.ltrans13.ltrans.o
 .text.lv_slider_signal
                0x00010e40      0x46c C:\Users\Sava\AppData\Local\Temp\ccMF97cf.ltrans13.ltrans.o
 .text.lv_page_scrollable_signal.lto_priv.180
                0x000112ac      0x760 C:\Users\Sava\AppData\Local\Temp\ccMF97cf.ltrans14.ltrans.o
                0x000112ac                lv_page_scrollable_signal.lto_priv.180
 .text.lv_page_sb_refresh.lto_priv.181
                0x00011a0c      0x604 C:\Users\Sava\AppData\Local\Temp\ccMF97cf.ltrans14.ltrans.o
                0x00011a0c                lv_page_sb_refresh.lto_priv.181
 .text.edge_flash_anim.lto_priv.178
                0x00012010       0x28 C:\Users\Sava\AppData\Local\Temp\ccMF97cf.ltrans14.ltrans.o
                0x00012010                edge_flash_anim.lto_priv.178
 .text.edge_flash_anim_end.lto_priv.179
                0x00012038       0x54 C:\Users\Sava\AppData\Local\Temp\ccMF97cf.ltrans14.ltrans.o
                0x00012038                edge_flash_anim_end.lto_priv.179
 .text.lv_preload_create
                0x0001208c      0x14c C:\Users\Sava\AppData\Local\Temp\ccMF97cf.ltrans14.ltrans.o
                0x0001208c                lv_preload_create
 .text.lv_preload_set_arc_length
                0x000121d8       0x20 C:\Users\Sava\AppData\Local\Temp\ccMF97cf.ltrans14.ltrans.o
 .text.lv_preload_set_style
                0x000121f8       0x24 C:\Users\Sava\AppData\Local\Temp\ccMF97cf.ltrans14.ltrans.o
 .text.lv_preload_set_animation_type
                0x0001221c      0x13c C:\Users\Sava\AppData\Local\Temp\ccMF97cf.ltrans14.ltrans.o
 .text.lv_preload_spinner_animation
                0x00012358       0x8c C:\Users\Sava\AppData\Local\Temp\ccMF97cf.ltrans14.ltrans.o
 .text.lv_preload_design
                0x000123e4      0x180 C:\Users\Sava\AppData\Local\Temp\ccMF97cf.ltrans14.ltrans.o
 .text.lv_preload_signal
                0x00012564       0x74 C:\Users\Sava\AppData\Local\Temp\ccMF97cf.ltrans14.ltrans.o
 .text.lv_area_copy.lto_priv.167
                0x000125d8       0x1c C:\Users\Sava\AppData\Local\Temp\ccMF97cf.ltrans14.ltrans.o
                0x000125d8                lv_area_copy.lto_priv.167
 .text.lv_area_get_width.lto_priv.165
                0x000125f4       0x2c C:\Users\Sava\AppData\Local\Temp\ccMF97cf.ltrans14.ltrans.o
                0x000125f4                lv_area_get_width.lto_priv.165
 .text.lv_area_get_height.lto_priv.163
                0x00012620       0x2c C:\Users\Sava\AppData\Local\Temp\ccMF97cf.ltrans14.ltrans.o
                0x00012620                lv_area_get_height.lto_priv.163
 .text.lv_font_get_height.lto_priv.170
                0x0001264c       0x18 C:\Users\Sava\AppData\Local\Temp\ccMF97cf.ltrans14.ltrans.o
                0x0001264c                lv_font_get_height.lto_priv.170
 .text.lv_page_set_scrl_fit
                0x00012664       0x28 C:\Users\Sava\AppData\Local\Temp\ccMF97cf.ltrans14.ltrans.o
 .text.lv_roller_get_selected
                0x0001268c       0x18 C:\Users\Sava\AppData\Local\Temp\ccMF97cf.ltrans14.ltrans.o
 .text.lv_roller_create
                0x000126a4      0x198 C:\Users\Sava\AppData\Local\Temp\ccMF97cf.ltrans14.ltrans.o
                0x000126a4                lv_roller_create
 .text.lv_roller_set_selected
                0x0001283c       0x3c C:\Users\Sava\AppData\Local\Temp\ccMF97cf.ltrans14.ltrans.o
                0x0001283c                lv_roller_set_selected
 .text.lv_roller_set_visible_row_count
                0x00012878       0x70 C:\Users\Sava\AppData\Local\Temp\ccMF97cf.ltrans14.ltrans.o
                0x00012878                lv_roller_set_visible_row_count
 .text.lv_roller_set_style
                0x000128e8       0x34 C:\Users\Sava\AppData\Local\Temp\ccMF97cf.ltrans14.ltrans.o
 .text.lv_roller_get_style
                0x0001291c       0x38 C:\Users\Sava\AppData\Local\Temp\ccMF97cf.ltrans14.ltrans.o
                0x0001291c                lv_roller_get_style
 .text.lv_roller_design
                0x00012954      0x2d4 C:\Users\Sava\AppData\Local\Temp\ccMF97cf.ltrans14.ltrans.o
 .text.lv_mbox_add_btns
                0x00012c28       0xb8 C:\Users\Sava\AppData\Local\Temp\ccMF97cf.ltrans15.ltrans.o
                0x00012c28                lv_mbox_add_btns
 .text.lv_mbox_set_text
                0x00012ce0       0x2c C:\Users\Sava\AppData\Local\Temp\ccMF97cf.ltrans15.ltrans.o
                0x00012ce0                lv_mbox_set_text
 .text.lv_mbox_start_auto_close
                0x00012d0c       0x70 C:\Users\Sava\AppData\Local\Temp\ccMF97cf.ltrans15.ltrans.o
 .text.lv_mbox_set_style
                0x00012d7c       0xb4 C:\Users\Sava\AppData\Local\Temp\ccMF97cf.ltrans15.ltrans.o
                0x00012d7c                lv_mbox_set_style
 .text.lv_mbox_get_from_btn
                0x00012e30       0x1c C:\Users\Sava\AppData\Local\Temp\ccMF97cf.ltrans15.ltrans.o
 .text.lv_mbox_get_style
                0x00012e4c       0xb8 C:\Users\Sava\AppData\Local\Temp\ccMF97cf.ltrans15.ltrans.o
 .text.lv_mbox_signal.lto_priv.184
                0x00012f04      0x16c C:\Users\Sava\AppData\Local\Temp\ccMF97cf.ltrans15.ltrans.o
                0x00012f04                lv_mbox_signal.lto_priv.184
 .text.mbox_realign
                0x00013070       0xac C:\Users\Sava\AppData\Local\Temp\ccMF97cf.ltrans15.ltrans.o
 .text.lv_mbox_close_action
                0x0001311c       0x30 C:\Users\Sava\AppData\Local\Temp\ccMF97cf.ltrans15.ltrans.o
 .text.lv_mbox_close_end_cb
                0x0001314c       0x14 C:\Users\Sava\AppData\Local\Temp\ccMF97cf.ltrans15.ltrans.o
 .text.lv_area_copy.lto_priv.175
                0x00013160       0x1c C:\Users\Sava\AppData\Local\Temp\ccMF97cf.ltrans15.ltrans.o
                0x00013160                lv_area_copy.lto_priv.175
 .text.lv_area_get_width.lto_priv.177
                0x0001317c       0x2c C:\Users\Sava\AppData\Local\Temp\ccMF97cf.ltrans15.ltrans.o
                0x0001317c                lv_area_get_width.lto_priv.177
 .text.lv_area_get_height.lto_priv.176
                0x000131a8       0x2c C:\Users\Sava\AppData\Local\Temp\ccMF97cf.ltrans15.ltrans.o
                0x000131a8                lv_area_get_height.lto_priv.176
 .text.lv_page_get_scrl_width
                0x000131d4       0x20 C:\Users\Sava\AppData\Local\Temp\ccMF97cf.ltrans15.ltrans.o
 .text.lv_page_create
                0x000131f4      0x378 C:\Users\Sava\AppData\Local\Temp\ccMF97cf.ltrans15.ltrans.o
                0x000131f4                lv_page_create
 .text.lv_page_set_rel_action
                0x0001356c       0x20 C:\Users\Sava\AppData\Local\Temp\ccMF97cf.ltrans15.ltrans.o
                0x0001356c                lv_page_set_rel_action
 .text.lv_page_set_pr_action
                0x0001358c       0x20 C:\Users\Sava\AppData\Local\Temp\ccMF97cf.ltrans15.ltrans.o
 .text.lv_page_set_sb_mode
                0x000135ac       0xd8 C:\Users\Sava\AppData\Local\Temp\ccMF97cf.ltrans15.ltrans.o
                0x000135ac                lv_page_set_sb_mode
 .text.lv_page_set_arrow_scroll
                0x00013684       0x30 C:\Users\Sava\AppData\Local\Temp\ccMF97cf.ltrans15.ltrans.o
                0x00013684                lv_page_set_arrow_scroll
 .text.lv_page_set_edge_flash
                0x000136b4       0x30 C:\Users\Sava\AppData\Local\Temp\ccMF97cf.ltrans15.ltrans.o
                0x000136b4                lv_page_set_edge_flash
 .text.lv_page_set_style
                0x000136e4       0xa0 C:\Users\Sava\AppData\Local\Temp\ccMF97cf.ltrans15.ltrans.o
                0x000136e4                lv_page_set_style
 .text.lv_page_get_scrl
                0x00013784       0x1c C:\Users\Sava\AppData\Local\Temp\ccMF97cf.ltrans15.ltrans.o
                0x00013784                lv_page_get_scrl
 .text.lv_page_get_arrow_scroll
                0x000137a0       0x30 C:\Users\Sava\AppData\Local\Temp\ccMF97cf.ltrans15.ltrans.o
 .text.lv_page_get_edge_flash
                0x000137d0       0x30 C:\Users\Sava\AppData\Local\Temp\ccMF97cf.ltrans15.ltrans.o
                0x000137d0                lv_page_get_edge_flash
 .text.lv_page_get_style
                0x00013800       0x6c C:\Users\Sava\AppData\Local\Temp\ccMF97cf.ltrans15.ltrans.o
                0x00013800                lv_page_get_style
 .text.lv_page_glue_obj
                0x0001386c       0x28 C:\Users\Sava\AppData\Local\Temp\ccMF97cf.ltrans15.ltrans.o
                0x0001386c                lv_page_glue_obj
 .text.lv_page_focus
                0x00013894      0x208 C:\Users\Sava\AppData\Local\Temp\ccMF97cf.ltrans15.ltrans.o
                0x00013894                lv_page_focus
 .text.lv_page_scroll_hor
                0x00013a9c       0x78 C:\Users\Sava\AppData\Local\Temp\ccMF97cf.ltrans15.ltrans.o
 .text.lv_page_scroll_ver
                0x00013b14       0x78 C:\Users\Sava\AppData\Local\Temp\ccMF97cf.ltrans15.ltrans.o
 .text.lv_page_start_edge_flash
                0x00013b8c       0x80 C:\Users\Sava\AppData\Local\Temp\ccMF97cf.ltrans15.ltrans.o
                0x00013b8c                lv_page_start_edge_flash
 .text.lv_page_design
                0x00013c0c      0x4d4 C:\Users\Sava\AppData\Local\Temp\ccMF97cf.ltrans15.ltrans.o
 .text.lv_scrl_design
                0x000140e0       0xbc C:\Users\Sava\AppData\Local\Temp\ccMF97cf.ltrans15.ltrans.o
 .text.lv_page_signal
                0x0001419c      0x450 C:\Users\Sava\AppData\Local\Temp\ccMF97cf.ltrans15.ltrans.o
 .text.lv_list_add
                0x000145ec      0x1f8 C:\Users\Sava\AppData\Local\Temp\ccMF97cf.ltrans16.ltrans.o
                0x000145ec                lv_list_add
 .text.lv_list_set_btn_selected
                0x000147e4       0xa8 C:\Users\Sava\AppData\Local\Temp\ccMF97cf.ltrans16.ltrans.o
 .text.lv_list_set_style
                0x0001488c      0x114 C:\Users\Sava\AppData\Local\Temp\ccMF97cf.ltrans16.ltrans.o
                0x0001488c                lv_list_set_style
 .text.lv_list_get_btn_text
                0x000149a0       0x30 C:\Users\Sava\AppData\Local\Temp\ccMF97cf.ltrans16.ltrans.o
                0x000149a0                lv_list_get_btn_text
 .text.lv_list_get_btn_label
                0x000149d0       0x48 C:\Users\Sava\AppData\Local\Temp\ccMF97cf.ltrans16.ltrans.o
 .text.lv_list_get_btn_img
                0x00014a18       0x48 C:\Users\Sava\AppData\Local\Temp\ccMF97cf.ltrans16.ltrans.o
                0x00014a18                lv_list_get_btn_img
 .text.lv_list_get_prev_btn
                0x00014a60       0x50 C:\Users\Sava\AppData\Local\Temp\ccMF97cf.ltrans16.ltrans.o
 .text.lv_list_get_next_btn
                0x00014ab0       0x50 C:\Users\Sava\AppData\Local\Temp\ccMF97cf.ltrans16.ltrans.o
                0x00014ab0                lv_list_get_next_btn
 .text.lv_list_get_btn_selected
                0x00014b00       0x1c C:\Users\Sava\AppData\Local\Temp\ccMF97cf.ltrans16.ltrans.o
 .text.lv_list_get_style
                0x00014b1c       0xb0 C:\Users\Sava\AppData\Local\Temp\ccMF97cf.ltrans16.ltrans.o
 .text.lv_list_signal.lto_priv.193
                0x00014bcc      0x2ec C:\Users\Sava\AppData\Local\Temp\ccMF97cf.ltrans16.ltrans.o
                0x00014bcc                lv_list_signal.lto_priv.193
 .text.lv_list_btn_signal
                0x00014eb8      0x188 C:\Users\Sava\AppData\Local\Temp\ccMF97cf.ltrans16.ltrans.o
 .text.refr_btn_width
                0x00015040       0xb8 C:\Users\Sava\AppData\Local\Temp\ccMF97cf.ltrans16.ltrans.o
 .text.lv_list_btn_single_selected
                0x000150f8       0x54 C:\Users\Sava\AppData\Local\Temp\ccMF97cf.ltrans16.ltrans.o
 .text.lv_color_mix
                0x0001514c       0xe8 C:\Users\Sava\AppData\Local\Temp\ccMF97cf.ltrans16.ltrans.o
 .text.lv_lmeter_set_style
                0x00015234       0x18 C:\Users\Sava\AppData\Local\Temp\ccMF97cf.ltrans16.ltrans.o
 .text.lv_lmeter_get_style
                0x0001524c       0x18 C:\Users\Sava\AppData\Local\Temp\ccMF97cf.ltrans16.ltrans.o
 .text.lv_lmeter_create
                0x00015264      0x150 C:\Users\Sava\AppData\Local\Temp\ccMF97cf.ltrans16.ltrans.o
                0x00015264                lv_lmeter_create
 .text.lv_lmeter_set_value
                0x000153b4       0x5c C:\Users\Sava\AppData\Local\Temp\ccMF97cf.ltrans16.ltrans.o
                0x000153b4                lv_lmeter_set_value
 .text.lv_lmeter_set_scale
                0x00015410       0x44 C:\Users\Sava\AppData\Local\Temp\ccMF97cf.ltrans16.ltrans.o
                0x00015410                lv_lmeter_set_scale
 .text.lv_lmeter_get_min_value
                0x00015454       0x20 C:\Users\Sava\AppData\Local\Temp\ccMF97cf.ltrans16.ltrans.o
                0x00015454                lv_lmeter_get_min_value
 .text.lv_lmeter_get_max_value
                0x00015474       0x20 C:\Users\Sava\AppData\Local\Temp\ccMF97cf.ltrans16.ltrans.o
                0x00015474                lv_lmeter_get_max_value
 .text.lv_lmeter_get_scale_angle
                0x00015494       0x1c C:\Users\Sava\AppData\Local\Temp\ccMF97cf.ltrans16.ltrans.o
                0x00015494                lv_lmeter_get_scale_angle
 .text.lv_lmeter_design
                0x000154b0      0x2f4 C:\Users\Sava\AppData\Local\Temp\ccMF97cf.ltrans16.ltrans.o
 .text.lv_lmeter_signal
                0x000157a4       0xa8 C:\Users\Sava\AppData\Local\Temp\ccMF97cf.ltrans16.ltrans.o
 .text.lv_lmeter_coord_round
                0x0001584c       0x48 C:\Users\Sava\AppData\Local\Temp\ccMF97cf.ltrans16.ltrans.o
 .text.lv_area_get_width.lto_priv.183
                0x00015894       0x2c C:\Users\Sava\AppData\Local\Temp\ccMF97cf.ltrans16.ltrans.o
                0x00015894                lv_area_get_width.lto_priv.183
 .text.lv_font_get_height.lto_priv.182
                0x000158c0       0x18 C:\Users\Sava\AppData\Local\Temp\ccMF97cf.ltrans16.ltrans.o
                0x000158c0                lv_font_get_height.lto_priv.182
 .text.lv_mbox_create
                0x000158d8      0x190 C:\Users\Sava\AppData\Local\Temp\ccMF97cf.ltrans16.ltrans.o
                0x000158d8                lv_mbox_create
 .text.lv_label_ins_text
                0x00015a68       0xb8 C:\Users\Sava\AppData\Local\Temp\ccMF97cf.ltrans17.ltrans.o
                0x00015a68                lv_label_ins_text
 .text.lv_label_design.lto_priv.200
                0x00015b20      0x20c C:\Users\Sava\AppData\Local\Temp\ccMF97cf.ltrans17.ltrans.o
                0x00015b20                lv_label_design.lto_priv.200
 .text.lv_label_signal.lto_priv.201
                0x00015d2c      0x1b0 C:\Users\Sava\AppData\Local\Temp\ccMF97cf.ltrans17.ltrans.o
                0x00015d2c                lv_label_signal.lto_priv.201
 .text.lv_label_refr_text.lto_priv.203
                0x00015edc      0x518 C:\Users\Sava\AppData\Local\Temp\ccMF97cf.ltrans17.ltrans.o
                0x00015edc                lv_label_refr_text.lto_priv.203
 .text.lv_label_revert_dots.lto_priv.204
                0x000163f4       0x7c C:\Users\Sava\AppData\Local\Temp\ccMF97cf.ltrans17.ltrans.o
                0x000163f4                lv_label_revert_dots.lto_priv.204
 .text.lv_label_set_offset_x.lto_priv.198
                0x00016470       0x28 C:\Users\Sava\AppData\Local\Temp\ccMF97cf.ltrans17.ltrans.o
                0x00016470                lv_label_set_offset_x.lto_priv.198
 .text.lv_label_set_offset_y.lto_priv.199
                0x00016498       0x28 C:\Users\Sava\AppData\Local\Temp\ccMF97cf.ltrans17.ltrans.o
                0x00016498                lv_label_set_offset_y.lto_priv.199
 .text.lv_color_mix
                0x000164c0       0xe8 C:\Users\Sava\AppData\Local\Temp\ccMF97cf.ltrans17.ltrans.o
 .text.lv_led_set_style
                0x000165a8       0x18 C:\Users\Sava\AppData\Local\Temp\ccMF97cf.ltrans17.ltrans.o
 .text.lv_led_create
                0x000165c0      0x128 C:\Users\Sava\AppData\Local\Temp\ccMF97cf.ltrans17.ltrans.o
                0x000165c0                lv_led_create
 .text.lv_led_set_bright
                0x000166e8       0x30 C:\Users\Sava\AppData\Local\Temp\ccMF97cf.ltrans17.ltrans.o
 .text.lv_led_on
                0x00016718       0x18 C:\Users\Sava\AppData\Local\Temp\ccMF97cf.ltrans17.ltrans.o
                0x00016718                lv_led_on
 .text.lv_led_off
                0x00016730       0x18 C:\Users\Sava\AppData\Local\Temp\ccMF97cf.ltrans17.ltrans.o
                0x00016730                lv_led_off
 .text.lv_led_design
                0x00016748      0x148 C:\Users\Sava\AppData\Local\Temp\ccMF97cf.ltrans17.ltrans.o
 .text.lv_led_signal
                0x00016890       0x6c C:\Users\Sava\AppData\Local\Temp\ccMF97cf.ltrans17.ltrans.o
 .text.lv_line_get_style
                0x000168fc       0x18 C:\Users\Sava\AppData\Local\Temp\ccMF97cf.ltrans17.ltrans.o
 .text.lv_line_create
                0x00016914      0x14c C:\Users\Sava\AppData\Local\Temp\ccMF97cf.ltrans17.ltrans.o
                0x00016914                lv_line_create
 .text.lv_line_set_points
                0x00016a60       0xc4 C:\Users\Sava\AppData\Local\Temp\ccMF97cf.ltrans17.ltrans.o
                0x00016a60                lv_line_set_points
 .text.lv_line_set_auto_size
                0x00016b24       0x5c C:\Users\Sava\AppData\Local\Temp\ccMF97cf.ltrans17.ltrans.o
 .text.lv_line_set_y_invert
                0x00016b80       0x4c C:\Users\Sava\AppData\Local\Temp\ccMF97cf.ltrans17.ltrans.o
 .text.lv_line_get_auto_size
                0x00016bcc       0x2c C:\Users\Sava\AppData\Local\Temp\ccMF97cf.ltrans17.ltrans.o
 .text.lv_line_get_y_invert
                0x00016bf8       0x2c C:\Users\Sava\AppData\Local\Temp\ccMF97cf.ltrans17.ltrans.o
 .text.lv_line_design
                0x00016c24      0x344 C:\Users\Sava\AppData\Local\Temp\ccMF97cf.ltrans17.ltrans.o
 .text.lv_line_signal
                0x00016f68       0x98 C:\Users\Sava\AppData\Local\Temp\ccMF97cf.ltrans17.ltrans.o
 .text.lv_area_get_width.lto_priv.190
                0x00017000       0x2c C:\Users\Sava\AppData\Local\Temp\ccMF97cf.ltrans17.ltrans.o
                0x00017000                lv_area_get_width.lto_priv.190
 .text.lv_page_set_scrl_layout
                0x0001702c       0x24 C:\Users\Sava\AppData\Local\Temp\ccMF97cf.ltrans17.ltrans.o
 .text.lv_btn_set_layout.lto_priv.192
                0x00017050       0x1c C:\Users\Sava\AppData\Local\Temp\ccMF97cf.ltrans17.ltrans.o
                0x00017050                lv_btn_set_layout.lto_priv.192
 .text.lv_btn_set_fit.lto_priv.191
                0x0001706c       0x24 C:\Users\Sava\AppData\Local\Temp\ccMF97cf.ltrans17.ltrans.o
                0x0001706c                lv_btn_set_fit.lto_priv.191
 .text.lv_list_set_sb_mode
                0x00017090       0x1c C:\Users\Sava\AppData\Local\Temp\ccMF97cf.ltrans17.ltrans.o
 .text.lv_list_create
                0x000170ac      0x27c C:\Users\Sava\AppData\Local\Temp\ccMF97cf.ltrans17.ltrans.o
                0x000170ac                lv_list_create
 .text.lv_txt_get_width
                0x00017328       0xcc C:\Users\Sava\AppData\Local\Temp\ccMF97cf.ltrans18.ltrans.o
                0x00017328                lv_txt_get_width
 .text.lv_txt_is_cmd
                0x000173f4       0x74 C:\Users\Sava\AppData\Local\Temp\ccMF97cf.ltrans18.ltrans.o
                0x000173f4                lv_txt_is_cmd
 .text.lv_txt_ins
                0x00017468       0x78 C:\Users\Sava\AppData\Local\Temp\ccMF97cf.ltrans18.ltrans.o
                0x00017468                lv_txt_ins
 .text.lv_txt_cut
                0x000174e0       0x68 C:\Users\Sava\AppData\Local\Temp\ccMF97cf.ltrans18.ltrans.o
                0x000174e0                lv_txt_cut
 .text.lv_txt_utf8_size.lto_priv.57
                0x00017548       0x54 C:\Users\Sava\AppData\Local\Temp\ccMF97cf.ltrans18.ltrans.o
                0x00017548                lv_txt_utf8_size.lto_priv.57
 .text.lv_txt_unicode_to_utf8.lto_priv.56
                0x0001759c       0xfc C:\Users\Sava\AppData\Local\Temp\ccMF97cf.ltrans18.ltrans.o
                0x0001759c                lv_txt_unicode_to_utf8.lto_priv.56
 .text.lv_txt_utf8_conv_wc.lto_priv.55
                0x00017698       0x5c C:\Users\Sava\AppData\Local\Temp\ccMF97cf.ltrans18.ltrans.o
                0x00017698                lv_txt_utf8_conv_wc.lto_priv.55
 .text.lv_txt_utf8_next.lto_priv.54
                0x000176f4      0x228 C:\Users\Sava\AppData\Local\Temp\ccMF97cf.ltrans18.ltrans.o
                0x000176f4                lv_txt_utf8_next.lto_priv.54
 .text.lv_txt_utf8_prev.lto_priv.53
                0x0001791c       0x88 C:\Users\Sava\AppData\Local\Temp\ccMF97cf.ltrans18.ltrans.o
                0x0001791c                lv_txt_utf8_prev.lto_priv.53
 .text.lv_txt_utf8_get_byte_id.lto_priv.52
                0x000179a4       0x48 C:\Users\Sava\AppData\Local\Temp\ccMF97cf.ltrans18.ltrans.o
                0x000179a4                lv_txt_utf8_get_byte_id.lto_priv.52
 .text.lv_txt_utf8_get_char_id.lto_priv.51
                0x000179ec       0x40 C:\Users\Sava\AppData\Local\Temp\ccMF97cf.ltrans18.ltrans.o
                0x000179ec                lv_txt_utf8_get_char_id.lto_priv.51
 .text.lv_txt_utf8_get_length.lto_priv.50
                0x00017a2c       0x40 C:\Users\Sava\AppData\Local\Temp\ccMF97cf.ltrans18.ltrans.o
                0x00017a2c                lv_txt_utf8_get_length.lto_priv.50
 .text.is_break_char.lto_priv.218
                0x00017a6c       0x48 C:\Users\Sava\AppData\Local\Temp\ccMF97cf.ltrans18.ltrans.o
                0x00017a6c                is_break_char.lto_priv.218
 .text.lv_ufs_init
                0x00017ab4       0xb4 C:\Users\Sava\AppData\Local\Temp\ccMF97cf.ltrans18.ltrans.o
                0x00017ab4                lv_ufs_init
 .text.lv_ufs_ready
                0x00017b68       0x14 C:\Users\Sava\AppData\Local\Temp\ccMF97cf.ltrans18.ltrans.o
 .text.lv_ufs_open
                0x00017b7c       0xc4 C:\Users\Sava\AppData\Local\Temp\ccMF97cf.ltrans18.ltrans.o
 .text.lv_ufs_close
                0x00017c40       0x3c C:\Users\Sava\AppData\Local\Temp\ccMF97cf.ltrans18.ltrans.o
 .text.lv_ufs_remove
                0x00017c7c       0x70 C:\Users\Sava\AppData\Local\Temp\ccMF97cf.ltrans18.ltrans.o
 .text.lv_ufs_read
                0x00017cec       0xb8 C:\Users\Sava\AppData\Local\Temp\ccMF97cf.ltrans18.ltrans.o
 .text.lv_ufs_write
                0x00017da4       0xc0 C:\Users\Sava\AppData\Local\Temp\ccMF97cf.ltrans18.ltrans.o
 .text.lv_ufs_seek
                0x00017e64       0x8c C:\Users\Sava\AppData\Local\Temp\ccMF97cf.ltrans18.ltrans.o
 .text.lv_ufs_tell
                0x00017ef0       0x24 C:\Users\Sava\AppData\Local\Temp\ccMF97cf.ltrans18.ltrans.o
 .text.lv_ufs_trunc
                0x00017f14       0x78 C:\Users\Sava\AppData\Local\Temp\ccMF97cf.ltrans18.ltrans.o
 .text.lv_ufs_size
                0x00017f8c       0x28 C:\Users\Sava\AppData\Local\Temp\ccMF97cf.ltrans18.ltrans.o
 .text.lv_ufs_dir_open
                0x00017fb4       0x2c C:\Users\Sava\AppData\Local\Temp\ccMF97cf.ltrans18.ltrans.o
 .text.lv_ufs_dir_read
                0x00017fe0       0x64 C:\Users\Sava\AppData\Local\Temp\ccMF97cf.ltrans18.ltrans.o
 .text.lv_ufs_dir_close
                0x00018044       0x14 C:\Users\Sava\AppData\Local\Temp\ccMF97cf.ltrans18.ltrans.o
 .text.lv_ufs_free
                0x00018058       0x2c C:\Users\Sava\AppData\Local\Temp\ccMF97cf.ltrans18.ltrans.o
 .text.lv_ufs_ent_get
                0x00018084       0x48 C:\Users\Sava\AppData\Local\Temp\ccMF97cf.ltrans18.ltrans.o
 .text.lv_ufs_ent_new
                0x000180cc       0xac C:\Users\Sava\AppData\Local\Temp\ccMF97cf.ltrans18.ltrans.o
 .text.lv_area_get_width.lto_priv.197
                0x00018178       0x2c C:\Users\Sava\AppData\Local\Temp\ccMF97cf.ltrans18.ltrans.o
                0x00018178                lv_area_get_width.lto_priv.197
 .text.lv_area_get_height.lto_priv.196
                0x000181a4       0x2c C:\Users\Sava\AppData\Local\Temp\ccMF97cf.ltrans18.ltrans.o
                0x000181a4                lv_area_get_height.lto_priv.196
 .text.lv_font_get_height.lto_priv.194
                0x000181d0       0x18 C:\Users\Sava\AppData\Local\Temp\ccMF97cf.ltrans18.ltrans.o
                0x000181d0                lv_font_get_height.lto_priv.194
 .text.lv_label_set_style
                0x000181e8       0x18 C:\Users\Sava\AppData\Local\Temp\ccMF97cf.ltrans18.ltrans.o
 .text.lv_label_get_style.lto_priv.195
                0x00018200       0x18 C:\Users\Sava\AppData\Local\Temp\ccMF97cf.ltrans18.ltrans.o
                0x00018200                lv_label_get_style.lto_priv.195
 .text.lv_label_create
                0x00018218      0x240 C:\Users\Sava\AppData\Local\Temp\ccMF97cf.ltrans18.ltrans.o
                0x00018218                lv_label_create
 .text.lv_label_set_text
                0x00018458       0xf8 C:\Users\Sava\AppData\Local\Temp\ccMF97cf.ltrans18.ltrans.o
                0x00018458                lv_label_set_text
 .text.lv_label_set_static_text
                0x00018550       0x5c C:\Users\Sava\AppData\Local\Temp\ccMF97cf.ltrans18.ltrans.o
 .text.lv_label_set_long_mode
                0x000185ac       0xa0 C:\Users\Sava\AppData\Local\Temp\ccMF97cf.ltrans18.ltrans.o
                0x000185ac                lv_label_set_long_mode
 .text.lv_label_set_align
                0x0001864c       0x44 C:\Users\Sava\AppData\Local\Temp\ccMF97cf.ltrans18.ltrans.o
                0x0001864c                lv_label_set_align
 .text.lv_label_set_recolor
                0x00018690       0x4c C:\Users\Sava\AppData\Local\Temp\ccMF97cf.ltrans18.ltrans.o
 .text.lv_label_set_body_draw
                0x000186dc       0x54 C:\Users\Sava\AppData\Local\Temp\ccMF97cf.ltrans18.ltrans.o
 .text.lv_label_get_text
                0x00018730       0x1c C:\Users\Sava\AppData\Local\Temp\ccMF97cf.ltrans18.ltrans.o
                0x00018730                lv_label_get_text
 .text.lv_label_get_long_mode
                0x0001874c       0x1c C:\Users\Sava\AppData\Local\Temp\ccMF97cf.ltrans18.ltrans.o
 .text.lv_label_get_align
                0x00018768       0x24 C:\Users\Sava\AppData\Local\Temp\ccMF97cf.ltrans18.ltrans.o
                0x00018768                lv_label_get_align
 .text.lv_label_get_recolor
                0x0001878c       0x2c C:\Users\Sava\AppData\Local\Temp\ccMF97cf.ltrans18.ltrans.o
 .text.lv_label_get_body_draw
                0x000187b8       0x2c C:\Users\Sava\AppData\Local\Temp\ccMF97cf.ltrans18.ltrans.o
 .text.lv_label_get_letter_pos
                0x000187e4      0x284 C:\Users\Sava\AppData\Local\Temp\ccMF97cf.ltrans18.ltrans.o
                0x000187e4                lv_label_get_letter_pos
 .text.lv_label_get_letter_on
                0x00018a68      0x230 C:\Users\Sava\AppData\Local\Temp\ccMF97cf.ltrans18.ltrans.o
                0x00018a68                lv_label_get_letter_on
 .text.lv_ll_get_head
                0x00018c98       0x24 C:\Users\Sava\AppData\Local\Temp\ccMF97cf.ltrans19.ltrans.o
                0x00018c98                lv_ll_get_head
 .text.lv_ll_get_tail
                0x00018cbc       0x24 C:\Users\Sava\AppData\Local\Temp\ccMF97cf.ltrans19.ltrans.o
                0x00018cbc                lv_ll_get_tail
 .text.lv_ll_get_next
                0x00018ce0       0x38 C:\Users\Sava\AppData\Local\Temp\ccMF97cf.ltrans19.ltrans.o
                0x00018ce0                lv_ll_get_next
 .text.lv_ll_get_prev
                0x00018d18       0x38 C:\Users\Sava\AppData\Local\Temp\ccMF97cf.ltrans19.ltrans.o
                0x00018d18                lv_ll_get_prev
 .text.node_set_prev.lto_priv.221
                0x00018d50       0x48 C:\Users\Sava\AppData\Local\Temp\ccMF97cf.ltrans19.ltrans.o
                0x00018d50                node_set_prev.lto_priv.221
 .text.node_set_next.lto_priv.222
                0x00018d98       0x4c C:\Users\Sava\AppData\Local\Temp\ccMF97cf.ltrans19.ltrans.o
                0x00018d98                node_set_next.lto_priv.222
 .text.lv_log_add
                0x00018de4       0x44 C:\Users\Sava\AppData\Local\Temp\ccMF97cf.ltrans19.ltrans.o
                0x00018de4                lv_log_add
 .text.lv_math_num_to_str
                0x00018e28      0x174 C:\Users\Sava\AppData\Local\Temp\ccMF97cf.ltrans19.ltrans.o
                0x00018e28                lv_math_num_to_str
 .text.lv_trigo_sin
                0x00018f9c       0xdc C:\Users\Sava\AppData\Local\Temp\ccMF97cf.ltrans19.ltrans.o
                0x00018f9c                lv_trigo_sin
 .text.lv_bezier3
                0x00019078       0xa8 C:\Users\Sava\AppData\Local\Temp\ccMF97cf.ltrans19.ltrans.o
                0x00019078                lv_bezier3
 .text.lv_mem_init
                0x00019120       0x3c C:\Users\Sava\AppData\Local\Temp\ccMF97cf.ltrans19.ltrans.o
                0x00019120                lv_mem_init
 .text.lv_mem_alloc
                0x0001915c       0x80 C:\Users\Sava\AppData\Local\Temp\ccMF97cf.ltrans19.ltrans.o
                0x0001915c                lv_mem_alloc
 .text.lv_mem_free
                0x000191dc       0x7c C:\Users\Sava\AppData\Local\Temp\ccMF97cf.ltrans19.ltrans.o
                0x000191dc                lv_mem_free
 .text.lv_mem_realloc
                0x00019258       0xb0 C:\Users\Sava\AppData\Local\Temp\ccMF97cf.ltrans19.ltrans.o
                0x00019258                lv_mem_realloc
 .text.lv_mem_monitor
                0x00019308       0xdc C:\Users\Sava\AppData\Local\Temp\ccMF97cf.ltrans19.ltrans.o
                0x00019308                lv_mem_monitor
 .text.lv_mem_get_size
                0x000193e4       0x3c C:\Users\Sava\AppData\Local\Temp\ccMF97cf.ltrans19.ltrans.o
                0x000193e4                lv_mem_get_size
 .text.ent_get_next
                0x00019420       0x54 C:\Users\Sava\AppData\Local\Temp\ccMF97cf.ltrans19.ltrans.o
 .text.ent_alloc
                0x00019474       0x50 C:\Users\Sava\AppData\Local\Temp\ccMF97cf.ltrans19.ltrans.o
 .text.ent_trunc
                0x000194c4       0x9c C:\Users\Sava\AppData\Local\Temp\ccMF97cf.ltrans19.ltrans.o
 .text.lv_task_init
                0x00019560       0x18 C:\Users\Sava\AppData\Local\Temp\ccMF97cf.ltrans19.ltrans.o
                0x00019560                lv_task_init
 .text.lv_task_handler
                0x00019578      0x1f0 C:\Users\Sava\AppData\Local\Temp\ccMF97cf.ltrans19.ltrans.o
                0x00019578                lv_task_handler
 .text.lv_task_create
                0x00019768      0x118 C:\Users\Sava\AppData\Local\Temp\ccMF97cf.ltrans19.ltrans.o
                0x00019768                lv_task_create
 .text.lv_task_del
                0x00019880       0x38 C:\Users\Sava\AppData\Local\Temp\ccMF97cf.ltrans19.ltrans.o
 .text.lv_task_ready
                0x000198b8       0x20 C:\Users\Sava\AppData\Local\Temp\ccMF97cf.ltrans19.ltrans.o
                0x000198b8                lv_task_ready
 .text.lv_task_enable
                0x000198d8       0x1c C:\Users\Sava\AppData\Local\Temp\ccMF97cf.ltrans19.ltrans.o
 .text.lv_task_exec
                0x000198f4       0x7c C:\Users\Sava\AppData\Local\Temp\ccMF97cf.ltrans19.ltrans.o
 .text.lv_font_get_height
                0x00019970       0x18 C:\Users\Sava\AppData\Local\Temp\ccMF97cf.ltrans19.ltrans.o
 .text.lv_txt_get_size
                0x00019988      0x15c C:\Users\Sava\AppData\Local\Temp\ccMF97cf.ltrans19.ltrans.o
                0x00019988                lv_txt_get_size
 .text.lv_txt_get_next_line
                0x00019ae4      0x304 C:\Users\Sava\AppData\Local\Temp\ccMF97cf.ltrans19.ltrans.o
                0x00019ae4                lv_txt_get_next_line
 .text.lv_anim_path_ease_in_out
                0x00019de8       0x74 C:\Users\Sava\AppData\Local\Temp\ccMF97cf.ltrans20.ltrans.o
                0x00019de8                lv_anim_path_ease_in_out
 .text.lv_anim_path_step
                0x00019e5c       0x2c C:\Users\Sava\AppData\Local\Temp\ccMF97cf.ltrans20.ltrans.o
                0x00019e5c                lv_anim_path_step
 .text.anim_task.lto_priv.223
                0x00019e88      0x118 C:\Users\Sava\AppData\Local\Temp\ccMF97cf.ltrans20.ltrans.o
                0x00019e88                anim_task.lto_priv.223